<html>
<body>
<pre>
<h1>礦ision Build Log</h1>
<h2>Tool Versions:</h2>
IDE-Version: μVision V5.38.0.0
Copyright (C) 2022 ARM Ltd and ARM Germany GmbH. All rights reserved.
License Information: 1 LuoYaqi, 1, LIC=TIVNB-2SM7B-PC4J8-3PHQG-ZAPNR-JLDXV
 
Tool Versions:
Toolchain:       MDK-ARM Plus  Version: 5.38.0.0
Toolchain Path:  D:\Software\KeilMDK538\KeilMDK538\ARM\AC5\Bin
C Compiler:      Armcc.exe V5.06 update 7 (build 960)
Assembler:       Armasm.exe V5.06 update 7 (build 960)
Linker/Locator:  ArmLink.exe V5.06 update 7 (build 960)
Library Manager: ArmAr.exe V5.06 update 7 (build 960)
Hex Converter:   FromElf.exe V5.06 update 7 (build 960)
CPU DLL:         SARMCM3.DLL V5.38.0.0
Dialog DLL:      DCM.DLL V1.17.5.0
Target DLL:      STLink\ST-LINKIII-KEIL_SWO.dll V3.1.0.0
Dialog DLL:      TCM.DLL V1.56.4.0
 
<h2>Project:</h2>
D:\Project\RM\ten_motor\MDK-ARM\Chassis.uvprojx
Project File Date:  12/01/2023

<h2>Output:</h2>
*** Using Compiler 'V5.06 update 7 (build 960)', folder: 'D:\Software\KeilMDK538\KeilMDK538\ARM\AC5\Bin'
Rebuild target 'Chassis'
assembling startup_stm32f407xx.s...
compiling tim.c...
compiling stm32f4xx_hal_flash_ramfunc.c...
compiling main.c...
../Core/Inc/chassis.h(6): warning:  #1-D: last line of file ends without a newline
  #endif
../USER/DriverLayer/drv_usart.h(18): warning:  #1-D: last line of file ends without a newline
  #endif
../USER/DriverLayer/user_can.h(5): warning:  #1295-D: Deprecated declaration CAN1_Init - give arg types
  void CAN1_Init();
../USER/DriverLayer/user_can.h(6): warning:  #1295-D: Deprecated declaration CAN2_Init - give arg types
  void CAN2_Init();
../USER/DriverLayer/user_can.h(20): warning:  #1-D: last line of file ends without a newline
  #endif
../USER/PotocaLayer/communication.h(13): warning:  #1-D: last line of file ends without a newline
  #endif
../Core/Src/main.c: 6 warnings, 0 errors
compiling stm32f4xx_hal_timebase_tim.c...
compiling spi.c...
compiling stm32f4xx_hal_gpio.c...
compiling stm32f4xx_hal_can.c...
compiling dma.c...
compiling usart.c...
compiling stm32f4xx_hal_flash_ex.c...
compiling gpio.c...
compiling stm32f4xx_hal_pwr.c...
compiling stm32f4xx_it.c...
../USER/DriverLayer/drv_usart.h(18): warning:  #1-D: last line of file ends without a newline
  #endif
../Core/Inc/chassis.h(6): warning:  #1-D: last line of file ends without a newline
  #endif
../Core/Inc/chassis.h(6): warning:  #1-D: last line of file ends without a newline
  #endif
../Core/Src/stm32f4xx_it.c: 3 warnings, 0 errors
compiling stm32f4xx_hal_msp.c...
compiling i2c.c...
compiling can.c...
../Core/Inc/chassis.h(6): warning:  #1-D: last line of file ends without a newline
  #endif
../Core/Src/can.c: 1 warning, 0 errors
compiling stm32f4xx_hal_flash.c...
compiling stm32f4xx_hal_rcc_ex.c...
compiling croutine.c...
compiling freertos.c...
../Core/Inc/chassis.h(6): warning:  #1-D: last line of file ends without a newline
  #endif
../Core/Inc/chassis.h(6): warning:  #1-D: last line of file ends without a newline
  #endif
../USER/DriverLayer/drv_can.h(13): warning:  #1-D: last line of file ends without a newline
  #endif
../USER/PotocaLayer/rc_potocal.h(55): warning:  #1-D: last line of file ends without a newline
  #endif
../Core/Src/freertos.c: 4 warnings, 0 errors
compiling list.c...
compiling timers.c...
compiling chassis.c...
../Core/Inc/chassis.h(6): warning:  #1-D: last line of file ends without a newline
  #endif
../USER/DriverLayer/user_can.h(5): warning:  #1295-D: Deprecated declaration CAN1_Init - give arg types
  void CAN1_Init();
../USER/DriverLayer/user_can.h(6): warning:  #1295-D: Deprecated declaration CAN2_Init - give arg types
  void CAN2_Init();
../USER/DriverLayer/user_can.h(20): warning:  #1-D: last line of file ends without a newline
  #endif
../Core/Inc/user_pid.h(20): warning:  #1-D: last line of file ends without a newline
  #endif
../USER/DriverLayer/drv_can.h(13): warning:  #1-D: last line of file ends without a newline
  #endif
../USER/PotocaLayer/rc_potocal.h(55): warning:  #1-D: last line of file ends without a newline
  #endif
../USER/handle_value.h(8): warning:  #1-D: last line of file ends without a newline
  #endif
../USER/motion_overlay.h(10): warning:  #1295-D: Deprecated declaration rotate_6020 - give arg types
  void rotate_6020();
../USER/motion_overlay.h(12): warning:  #1-D: last line of file ends without a newline
  #endif
../USER/Control/channel_changes.h(4): warning:  #1295-D: Deprecated declaration translational_control - give arg types
  void translational_control();
../USER/Control/channel_changes.h(5): warning:  #1295-D: Deprecated declaration compound_control - give arg types
  void compound_control();
../USER/Control/channel_changes.h(6): warning:  #1295-D: Deprecated declaration rotate_control - give arg types
  void rotate_control();
../USER/Control/channel_changes.h(7): warning:  #1-D: last line of file ends without a newline
  #endif
..\Core\Src\chassis.c(80): warning:  #1-D: last line of file ends without a newline
  }
..\Core\Src\chassis.c: 15 warnings, 0 errors
compiling event_groups.c...
compiling stm32f4xx_hal_dma.c...
compiling stm32f4xx_hal_rcc.c...
compiling stream_buffer.c...
compiling queue.c...
compiling heap_4.c...
compiling stm32f4xx_hal_dma_ex.c...
compiling port.c...
compiling tasks.c...
compiling cmsis_os.c...
compiling stm32f4xx_hal_i2c_ex.c...
compiling stm32f4xx_hal_exti.c...
compiling channel_changes.c...
..\USER\Control\channel_changes.h(4): warning:  #1295-D: Deprecated declaration translational_control - give arg types
  void translational_control();
..\USER\Control\channel_changes.h(5): warning:  #1295-D: Deprecated declaration compound_control - give arg types
  void compound_control();
..\USER\Control\channel_changes.h(6): warning:  #1295-D: Deprecated declaration rotate_control - give arg types
  void rotate_control();
..\USER\Control\channel_changes.h(7): warning:  #1-D: last line of file ends without a newline
  #endif
../Core/Inc/chassis.h(6): warning:  #1-D: last line of file ends without a newline
  #endif
../Core/Inc/chassis.h(6): warning:  #1-D: last line of file ends without a newline
  #endif
../USER/DriverLayer/drv_can.h(13): warning:  #1-D: last line of file ends without a newline
  #endif
../USER/PotocaLayer/rc_potocal.h(55): warning:  #1-D: last line of file ends without a newline
  #endif
../USER/motion_overlay.h(10): warning:  #1295-D: Deprecated declaration rotate_6020 - give arg types
  void rotate_6020();
../USER/motion_overlay.h(12): warning:  #1-D: last line of file ends without a newline
  #endif
../USER/handle_value.h(8): warning:  #1-D: last line of file ends without a newline
  #endif
../USER/DriverLayer/user_can.h(5): warning:  #1295-D: Deprecated declaration CAN1_Init - give arg types
  void CAN1_Init();
../USER/DriverLayer/user_can.h(6): warning:  #1295-D: Deprecated declaration CAN2_Init - give arg types
  void CAN2_Init();
../USER/DriverLayer/user_can.h(20): warning:  #1-D: last line of file ends without a newline
  #endif
../Core/Inc/user_pid.h(20): warning:  #1-D: last line of file ends without a newline
  #endif
..\USER\Control\channel_changes.c: 15 warnings, 0 errors
compiling stm32f4xx_hal_cortex.c...
compiling stm32f4xx_hal_pwr_ex.c...
compiling rc_potocal.c...
../Core/Inc/chassis.h(6): warning:  #1-D: last line of file ends without a newline
  #endif
../Core/Inc/chassis.h(6): warning:  #1-D: last line of file ends without a newline
  #endif
../USER/DriverLayer/drv_can.h(13): warning:  #1-D: last line of file ends without a newline
  #endif
..\USER\PotocaLayer\rc_potocal.h(55): warning:  #1-D: last line of file ends without a newline
  #endif
../USER/DriverLayer/user_can.h(5): warning:  #1295-D: Deprecated declaration CAN1_Init - give arg types
  void CAN1_Init();
../USER/DriverLayer/user_can.h(6): warning:  #1295-D: Deprecated declaration CAN2_Init - give arg types
  void CAN2_Init();
../USER/DriverLayer/user_can.h(20): warning:  #1-D: last line of file ends without a newline
  #endif
..\USER\PotocaLayer\rc_potocal.c(107): warning:  #1-D: last line of file ends without a newline
  }
..\USER\PotocaLayer\rc_potocal.c: 8 warnings, 0 errors
compiling user_pid.c...
../Core/Inc/user_pid.h(20): warning:  #1-D: last line of file ends without a newline
  #endif
..\Core\Src\user_pid.c(79): warning:  #1-D: last line of file ends without a newline
  }
..\Core\Src\user_pid.c: 2 warnings, 0 errors
compiling stm32f4xx_hal.c...
compiling communication.c...
..\USER\PotocaLayer\communication.h(13): warning:  #1-D: last line of file ends without a newline
  #endif
..\USER\PotocaLayer\communication.c(26): warning:  #1-D: last line of file ends without a newline
  }
..\USER\PotocaLayer\communication.c: 2 warnings, 0 errors
compiling bsp_delay.c...
compiling system_stm32f4xx.c...
compiling bsp_imu_pwm.c...
compiling user_can.c...
..\USER\DriverLayer\user_can.h(5): warning:  #1295-D: Deprecated declaration CAN1_Init - give arg types
  void CAN1_Init();
..\USER\DriverLayer\user_can.h(6): warning:  #1295-D: Deprecated declaration CAN2_Init - give arg types
  void CAN2_Init();
..\USER\DriverLayer\user_can.h(20): warning:  #1-D: last line of file ends without a newline
  #endif
..\USER\DriverLayer\user_can.c(150): warning:  #1-D: last line of file ends without a newline
  }
..\USER\DriverLayer\user_can.c: 4 warnings, 0 errors
compiling drv_usart.c...
..\USER\DriverLayer\drv_usart.h(18): warning:  #1-D: last line of file ends without a newline
  #endif
../Core/Inc/chassis.h(6): warning:  #1-D: last line of file ends without a newline
  #endif
../Core/Inc/chassis.h(6): warning:  #1-D: last line of file ends without a newline
  #endif
../USER/DriverLayer/drv_can.h(13): warning:  #1-D: last line of file ends without a newline
  #endif
../USER/PotocaLayer/rc_potocal.h(55): warning:  #1-D: last line of file ends without a newline
  #endif
..\USER\DriverLayer\drv_usart.c: 5 warnings, 0 errors
compiling handle_value.c...
../Core/Inc/chassis.h(6): warning:  #1-D: last line of file ends without a newline
  #endif
../Core/Inc/chassis.h(6): warning:  #1-D: last line of file ends without a newline
  #endif
../USER/DriverLayer/drv_can.h(13): warning:  #1-D: last line of file ends without a newline
  #endif
../USER/PotocaLayer/rc_potocal.h(55): warning:  #1-D: last line of file ends without a newline
  #endif
..\USER\handle_value.h(8): warning:  #1-D: last line of file ends without a newline
  #endif
..\USER\handle_value.c(11): warning:  #1035-D: single-precision operand implicitly converted to double-precision
  		alpha = alpha * 180 / PI;
..\USER\handle_value.c(16): warning:  #1035-D: single-precision operand implicitly converted to double-precision
  		alpha = alpha * 180 / PI;
..\USER\handle_value.c(22): warning:  #1035-D: single-precision operand implicitly converted to double-precision
  		alpha = alpha * 180 / PI;
..\USER\handle_value.c(43): warning:  #940-D: missing return statement at end of non-void function "remote_value" 
  }
..\USER\handle_value.c(72): warning:  #1-D: last line of file ends without a newline
  }
..\USER\handle_value.c(72): warning:  #940-D: missing return statement at end of non-void function "motor_value" 
  }
..\USER\handle_value.c: 11 warnings, 0 errors
compiling motion_overlay.c...
..\USER\motion_overlay.h(10): warning:  #1295-D: Deprecated declaration rotate_6020 - give arg types
  void rotate_6020();
..\USER\motion_overlay.h(12): warning:  #1-D: last line of file ends without a newline
  #endif
..\USER\handle_value.h(8): warning:  #1-D: last line of file ends without a newline
  #endif
../Core/Inc/chassis.h(6): warning:  #1-D: last line of file ends without a newline
  #endif
../Core/Inc/chassis.h(6): warning:  #1-D: last line of file ends without a newline
  #endif
..\USER\motion_overlay.c(77): warning:  #1-D: last line of file ends without a newline
  }
..\USER\motion_overlay.c: 6 warnings, 0 errors
compiling BMI088driver.c...
compiling BMI088Middleware.c...
compiling stm32f4xx_hal_spi.c...
compiling stm32f4xx_hal_tim_ex.c...
compiling stm32f4xx_hal_uart.c...
compiling stm32f4xx_hal_tim.c...
compiling stm32f4xx_hal_i2c.c...
compiling bsp_spi.c...
compiling pid.c...
compiling INS_task.c...
..\USER\INS_Task\ins_task\INS_task.c(250): warning:  #1035-D: single-precision operand implicitly converted to double-precision
      *yaw = atan2f(2.0f*(q[0]*q[3]+q[1]*q[2]), 2.0f*(q[0]*q[0]+q[1]*q[1])-1.0f) *57.3;
..\USER\INS_Task\ins_task\INS_task.c(251): warning:  #1035-D: single-precision operand implicitly converted to double-precision
      *pitch = asinf(-2.0f*(q[1]*q[3]-q[0]*q[2])) *57.3;
..\USER\INS_Task\ins_task\INS_task.c(252): warning:  #1035-D: single-precision operand implicitly converted to double-precision
      *roll = atan2f(2.0f*(q[0]*q[1]+q[2]*q[3]),2.0f*(q[0]*q[0]+q[3]*q[3])-1.0f) *57.3;
..\USER\INS_Task\ins_task\INS_task.c(261): warning:  #1035-D: single-precision operand implicitly converted to double-precision
  	   gyrooffset[0]-=bmi088_real_data.gyro[0]*0.00005;
..\USER\INS_Task\ins_task\INS_task.c(262): warning:  #1035-D: single-precision operand implicitly converted to double-precision
  		 gyrooffset[1]-=bmi088_real_data.gyro[1]*0.00005;
..\USER\INS_Task\ins_task\INS_task.c(263): warning:  #1035-D: single-precision operand implicitly converted to double-precision
  		 gyrooffset[2]-=bmi088_real_data.gyro[2]*0.00005;
..\USER\INS_Task\ins_task\INS_task.c(134): warning:  #177-D: variable "timing_time"  was declared but never referenced
  static const float timing_time = 0.001f;   //tast run time , unit s.任务运行的时间 单位 s
..\USER\INS_Task\ins_task\INS_task.c: 7 warnings, 0 errors
linking...
Program Size: Code=40860 RO-data=1224 RW-data=472 ZI-data=20368  
FromELF: creating hex file...
"Chassis\Chassis.axf" - 0 Error(s), 89 Warning(s).

<h2>Software Packages used:</h2>

Package Vendor: ARM
                http://www.keil.com/pack/ARM.CMSIS.5.9.0.pack
                ARM.CMSIS.5.9.0
                CMSIS (Common Microcontroller Software Interface Standard)
   * Component: CORE Version: 5.6.0

Package Vendor: Keil
                https://www.keil.com/pack/Keil.STM32F4xx_DFP.2.17.1.pack
                Keil.STM32F4xx_DFP.2.17.1
                STMicroelectronics STM32F4 Series Device Support, Drivers and Examples

<h2>Collection of Component include folders:</h2>
  ./RTE/_Chassis
  D:/Software/KeilMDK538/KeilMDK538/ARM/Pack/ARM/CMSIS/5.9.0/CMSIS/Core/Include
  D:/Software/KeilMDK538/KeilMDK538/ARM/Pack/Keil/STM32F4xx_DFP/2.17.1/Drivers/CMSIS/Device/ST/STM32F4xx/Include

<h2>Collection of Component Files used:</h2>

   * Component: ARM::CMSIS:CORE:5.6.0
      Include file:  CMSIS/Core/Include/tz_context.h
Build Time Elapsed:  00:00:07
</pre>
</body>
</html>
