Component: ARM Compiler 5.06 update 7 (build 960) Tool: armlink [4d3601]

==============================================================================

Section Cross References

    startup_stm32f407xx.o(STACK) refers (Special) to heapauxi.o(.text) for __use_two_region_memory
    startup_stm32f407xx.o(HEAP) refers (Special) to heapauxi.o(.text) for __use_two_region_memory
    startup_stm32f407xx.o(RESET) refers (Special) to heapauxi.o(.text) for __use_two_region_memory
    startup_stm32f407xx.o(RESET) refers to startup_stm32f407xx.o(STACK) for __initial_sp
    startup_stm32f407xx.o(RESET) refers to startup_stm32f407xx.o(.text) for Reset_Handler
    startup_stm32f407xx.o(RESET) refers to stm32f4xx_it.o(i.NMI_Handler) for NMI_Handler
    startup_stm32f407xx.o(RESET) refers to stm32f4xx_it.o(i.HardFault_Handler) for HardFault_Handler
    startup_stm32f407xx.o(RESET) refers to stm32f4xx_it.o(i.MemManage_Handler) for MemManage_Handler
    startup_stm32f407xx.o(RESET) refers to stm32f4xx_it.o(i.BusFault_Handler) for BusFault_Handler
    startup_stm32f407xx.o(RESET) refers to stm32f4xx_it.o(i.UsageFault_Handler) for UsageFault_Handler
    startup_stm32f407xx.o(RESET) refers to port.o(.emb_text) for SVC_Handler
    startup_stm32f407xx.o(RESET) refers to stm32f4xx_it.o(i.DebugMon_Handler) for DebugMon_Handler
    startup_stm32f407xx.o(RESET) refers to port.o(i.SysTick_Handler) for SysTick_Handler
    startup_stm32f407xx.o(RESET) refers to stm32f4xx_it.o(i.EXTI0_IRQHandler) for EXTI0_IRQHandler
    startup_stm32f407xx.o(RESET) refers to stm32f4xx_it.o(i.EXTI4_IRQHandler) for EXTI4_IRQHandler
    startup_stm32f407xx.o(RESET) refers to stm32f4xx_it.o(i.DMA1_Stream1_IRQHandler) for DMA1_Stream1_IRQHandler
    startup_stm32f407xx.o(RESET) refers to stm32f4xx_it.o(i.DMA1_Stream3_IRQHandler) for DMA1_Stream3_IRQHandler
    startup_stm32f407xx.o(RESET) refers to stm32f4xx_it.o(i.CAN1_TX_IRQHandler) for CAN1_TX_IRQHandler
    startup_stm32f407xx.o(RESET) refers to stm32f4xx_it.o(i.CAN1_RX0_IRQHandler) for CAN1_RX0_IRQHandler
    startup_stm32f407xx.o(RESET) refers to stm32f4xx_it.o(i.CAN1_RX1_IRQHandler) for CAN1_RX1_IRQHandler
    startup_stm32f407xx.o(RESET) refers to stm32f4xx_it.o(i.EXTI9_5_IRQHandler) for EXTI9_5_IRQHandler
    startup_stm32f407xx.o(RESET) refers to stm32f4xx_it.o(i.TIM3_IRQHandler) for TIM3_IRQHandler
    startup_stm32f407xx.o(RESET) refers to stm32f4xx_it.o(i.SPI1_IRQHandler) for SPI1_IRQHandler
    startup_stm32f407xx.o(RESET) refers to stm32f4xx_it.o(i.USART1_IRQHandler) for USART1_IRQHandler
    startup_stm32f407xx.o(RESET) refers to stm32f4xx_it.o(i.USART3_IRQHandler) for USART3_IRQHandler
    startup_stm32f407xx.o(RESET) refers to stm32f4xx_it.o(i.DMA2_Stream1_IRQHandler) for DMA2_Stream1_IRQHandler
    startup_stm32f407xx.o(RESET) refers to stm32f4xx_it.o(i.DMA2_Stream2_IRQHandler) for DMA2_Stream2_IRQHandler
    startup_stm32f407xx.o(RESET) refers to stm32f4xx_it.o(i.DMA2_Stream3_IRQHandler) for DMA2_Stream3_IRQHandler
    startup_stm32f407xx.o(RESET) refers to stm32f4xx_it.o(i.CAN2_TX_IRQHandler) for CAN2_TX_IRQHandler
    startup_stm32f407xx.o(RESET) refers to stm32f4xx_it.o(i.CAN2_RX0_IRQHandler) for CAN2_RX0_IRQHandler
    startup_stm32f407xx.o(RESET) refers to stm32f4xx_it.o(i.DMA2_Stream5_IRQHandler) for DMA2_Stream5_IRQHandler
    startup_stm32f407xx.o(RESET) refers to stm32f4xx_it.o(i.DMA2_Stream6_IRQHandler) for DMA2_Stream6_IRQHandler
    startup_stm32f407xx.o(RESET) refers to stm32f4xx_it.o(i.DMA2_Stream7_IRQHandler) for DMA2_Stream7_IRQHandler
    startup_stm32f407xx.o(RESET) refers to stm32f4xx_it.o(i.USART6_IRQHandler) for USART6_IRQHandler
    startup_stm32f407xx.o(.text) refers (Special) to heapauxi.o(.text) for __use_two_region_memory
    startup_stm32f407xx.o(.text) refers to system_stm32f4xx.o(i.SystemInit) for SystemInit
    startup_stm32f407xx.o(.text) refers to __main.o(!!!main) for __main
    startup_stm32f407xx.o(.text) refers to startup_stm32f407xx.o(HEAP) for Heap_Mem
    startup_stm32f407xx.o(.text) refers to startup_stm32f407xx.o(STACK) for Stack_Mem
    chassis.o(i.Chassis) refers to user_pid.o(i.pid_init) for pid_init
    chassis.o(i.Chassis) refers to channel_changes.o(i.translational_control) for translational_control
    chassis.o(i.Chassis) refers to channel_changes.o(i.compound_control) for compound_control
    chassis.o(i.Chassis) refers to channel_changes.o(i.rotate_control) for rotate_control
    chassis.o(i.Chassis) refers to cmsis_os.o(i.osDelay) for osDelay
    chassis.o(i.Chassis) refers to chassis.o(.constdata) for .constdata
    chassis.o(i.Chassis) refers to chassis.o(.bss) for .bss
    chassis.o(i.Chassis) refers to chassis.o(.data) for .data
    chassis.o(i.Chassis) refers to rc_potocal.o(.bss) for rc_ctrl
    main.o(i.HAL_TIM_PeriodElapsedCallback) refers to stm32f4xx_hal.o(i.HAL_IncTick) for HAL_IncTick
    main.o(i.SystemClock_Config) refers to rt_memclr_w.o(.text) for __aeabi_memclr4
[...]
    HAL_CAN_RxFifo1FullCallback              0x08001675   Thumb Code     2  stm32f4xx_hal_can.o(i.HAL_CAN_RxFifo1FullCallback)
    HAL_CAN_RxFifo1MsgPendingCallback        0x08001677   Thumb Code     2  stm32f4xx_hal_can.o(i.HAL_CAN_RxFifo1MsgPendingCallback)
    HAL_CAN_SleepCallback                    0x08001679   Thumb Code     2  stm32f4xx_hal_can.o(i.HAL_CAN_SleepCallback)
    HAL_CAN_Start                            0x0800167d   Thumb Code    88  stm32f4xx_hal_can.o(i.HAL_CAN_Start)
    HAL_CAN_TxMailbox0AbortCallback          0x080016d5   Thumb Code     2  stm32f4xx_hal_can.o(i.HAL_CAN_TxMailbox0AbortCallback)
    HAL_CAN_TxMailbox0CompleteCallback       0x080016d7   Thumb Code     2  stm32f4xx_hal_can.o(i.HAL_CAN_TxMailbox0CompleteCallback)
    HAL_CAN_TxMailbox1AbortCallback          0x080016d9   Thumb Code     2  stm32f4xx_hal_can.o(i.HAL_CAN_TxMailbox1AbortCallback)
    HAL_CAN_TxMailbox1CompleteCallback       0x080016db   Thumb Code     2  stm32f4xx_hal_can.o(i.HAL_CAN_TxMailbox1CompleteCallback)
    HAL_CAN_TxMailbox2AbortCallback          0x080016dd   Thumb Code     2  stm32f4xx_hal_can.o(i.HAL_CAN_TxMailbox2AbortCallback)
    HAL_CAN_TxMailbox2CompleteCallback       0x080016df   Thumb Code     2  stm32f4xx_hal_can.o(i.HAL_CAN_TxMailbox2CompleteCallback)
    HAL_CAN_WakeUpFromRxMsgCallback          0x080016e1   Thumb Code     2  stm32f4xx_hal_can.o(i.HAL_CAN_WakeUpFromRxMsgCallback)
    HAL_DMA_Abort                            0x080016e3   Thumb Code   146  stm32f4xx_hal_dma.o(i.HAL_DMA_Abort)
    HAL_DMA_Abort_IT                         0x08001775   Thumb Code    36  stm32f4xx_hal_dma.o(i.HAL_DMA_Abort_IT)
    HAL_DMA_IRQHandler                       0x08001799   Thumb Code   412  stm32f4xx_hal_dma.o(i.HAL_DMA_IRQHandler)
    HAL_DMA_Init                             0x08001939   Thumb Code   206  stm32f4xx_hal_dma.o(i.HAL_DMA_Init)
    HAL_DMA_Start_IT                         0x08001a0d   Thumb Code   110  stm32f4xx_hal_dma.o(i.HAL_DMA_Start_IT)
    HAL_GPIO_EXTI_Callback                   0x08001a7d   Thumb Code    98  ins_task.o(i.HAL_GPIO_EXTI_Callback)
    HAL_GPIO_EXTI_IRQHandler                 0x08001ae9   Thumb Code    18  stm32f4xx_hal_gpio.o(i.HAL_GPIO_EXTI_IRQHandler)
    HAL_GPIO_Init                            0x08001b01   Thumb Code   450  stm32f4xx_hal_gpio.o(i.HAL_GPIO_Init)
    HAL_GPIO_WritePin                        0x08001cf1   Thumb Code    10  stm32f4xx_hal_gpio.o(i.HAL_GPIO_WritePin)
    HAL_GetTick                              0x08001cfd   Thumb Code     6  stm32f4xx_hal.o(i.HAL_GetTick)
    HAL_I2C_Init                             0x08001d09   Thumb Code   376  stm32f4xx_hal_i2c.o(i.HAL_I2C_Init)
    HAL_I2C_MspInit                          0x08001e91   Thumb Code   130  i2c.o(i.HAL_I2C_MspInit)
    HAL_IncTick                              0x08001f25   Thumb Code    12  stm32f4xx_hal.o(i.HAL_IncTick)
    HAL_Init                                 0x08001f35   Thumb Code    48  stm32f4xx_hal.o(i.HAL_Init)
    HAL_InitTick                             0x08001f69   Thumb Code   132  stm32f4xx_hal_timebase_tim.o(i.HAL_InitTick)
    HAL_MspInit                              0x08002001   Thumb Code    52  stm32f4xx_hal_msp.o(i.HAL_MspInit)
    HAL_NVIC_EnableIRQ                       0x08002039   Thumb Code    26  stm32f4xx_hal_cortex.o(i.HAL_NVIC_EnableIRQ)
    HAL_NVIC_SetPriority                     0x08002055   Thumb Code    60  stm32f4xx_hal_cortex.o(i.HAL_NVIC_SetPriority)
    HAL_NVIC_SetPriorityGrouping             0x08002095   Thumb Code    26  stm32f4xx_hal_cortex.o(i.HAL_NVIC_SetPriorityGrouping)
    HAL_RCC_ClockConfig                      0x080020b9   Thumb Code   288  stm32f4xx_hal_rcc.o(i.HAL_RCC_ClockConfig)
    HAL_RCC_GetClockConfig                   0x080021ed   Thumb Code    54  stm32f4xx_hal_rcc.o(i.HAL_RCC_GetClockConfig)
    HAL_RCC_GetPCLK1Freq                     0x0800222d   Thumb Code    20  stm32f4xx_hal_rcc.o(i.HAL_RCC_GetPCLK1Freq)
    HAL_RCC_GetPCLK2Freq                     0x0800224d   Thumb Code    20  stm32f4xx_hal_rcc.o(i.HAL_RCC_GetPCLK2Freq)
    HAL_RCC_GetSysClockFreq                  0x0800226d   Thumb Code    88  stm32f4xx_hal_rcc.o(i.HAL_RCC_GetSysClockFreq)
    HAL_RCC_OscConfig                        0x080022d1   Thumb Code   856  stm32f4xx_hal_rcc.o(i.HAL_RCC_OscConfig)
    HAL_SPI_ErrorCallback                    0x0800263d   Thumb Code     2  stm32f4xx_hal_spi.o(i.HAL_SPI_ErrorCallback)
    HAL_SPI_IRQHandler                       0x08002641   Thumb Code   246  stm32f4xx_hal_spi.o(i.HAL_SPI_IRQHandler)
    HAL_SPI_Init                             0x0800273d   Thumb Code   188  stm32f4xx_hal_spi.o(i.HAL_SPI_Init)
    HAL_SPI_MspInit                          0x080027f9   Thumb Code   242  spi.o(i.HAL_SPI_MspInit)
    HAL_SPI_TransmitReceive                  0x08002905   Thumb Code   482  stm32f4xx_hal_spi.o(i.HAL_SPI_TransmitReceive)
    HAL_TIMEx_BreakCallback                  0x08002ae7   Thumb Code     2  stm32f4xx_hal_tim_ex.o(i.HAL_TIMEx_BreakCallback)
    HAL_TIMEx_CommutCallback                 0x08002ae9   Thumb Code     2  stm32f4xx_hal_tim_ex.o(i.HAL_TIMEx_CommutCallback)
    HAL_TIM_Base_Init                        0x08002aeb   Thumb Code    90  stm32f4xx_hal_tim.o(i.HAL_TIM_Base_Init)
    HAL_TIM_Base_MspInit                     0x08002b45   Thumb Code    30  tim.o(i.HAL_TIM_Base_MspInit)
    HAL_TIM_Base_Start_IT                    0x08002b6d   Thumb Code   100  stm32f4xx_hal_tim.o(i.HAL_TIM_Base_Start_IT)
    HAL_TIM_IC_CaptureCallback               0x08002bed   Thumb Code     2  stm32f4xx_hal_tim.o(i.HAL_TIM_IC_CaptureCallback)
    HAL_TIM_IRQHandler                       0x08002bef   Thumb Code   358  stm32f4xx_hal_tim.o(i.HAL_TIM_IRQHandler)
    HAL_TIM_MspPostInit                      0x08002d55   Thumb Code    70  tim.o(i.HAL_TIM_MspPostInit)
    HAL_TIM_OC_DelayElapsedCallback          0x08002da9   Thumb Code     2  stm32f4xx_hal_tim.o(i.HAL_TIM_OC_DelayElapsedCallback)
    HAL_TIM_PWM_ConfigChannel                0x08002dab   Thumb Code   204  stm32f4xx_hal_tim.o(i.HAL_TIM_PWM_ConfigChannel)
    HAL_TIM_PWM_Init                         0x08002e77   Thumb Code    90  stm32f4xx_hal_tim.o(i.HAL_TIM_PWM_Init)
    HAL_TIM_PWM_MspInit                      0x08002ed1   Thumb Code     2  stm32f4xx_hal_tim.o(i.HAL_TIM_PWM_MspInit)
    HAL_TIM_PWM_PulseFinishedCallback        0x08002ed3   Thumb Code     2  stm32f4xx_hal_tim.o(i.HAL_TIM_PWM_PulseFinishedCallback)
    HAL_TIM_PWM_Start                        0x08002ed5   Thumb Code   172  stm32f4xx_hal_tim.o(i.HAL_TIM_PWM_Start)
    HAL_TIM_PeriodElapsedCallback            0x08002f9d   Thumb Code    14  main.o(i.HAL_TIM_PeriodElapsedCallback)
    HAL_TIM_TriggerCallback                  0x08002fb1   Thumb Code     2  stm32f4xx_hal_tim.o(i.HAL_TIM_TriggerCallback)
    HAL_UARTEx_RxEventCallback               0x08002fb3   Thumb Code     2  stm32f4xx_hal_uart.o(i.HAL_UARTEx_RxEventCallback)
    HAL_UART_DMAStop                         0x08002fb5   Thumb Code   112  stm32f4xx_hal_uart.o(i.HAL_UART_DMAStop)
    HAL_UART_ErrorCallback                   0x08003025   Thumb Code     2  stm32f4xx_hal_uart.o(i.HAL_UART_ErrorCallback)
    HAL_UART_IRQHandler                      0x08003029   Thumb Code   610  stm32f4xx_hal_uart.o(i.HAL_UART_IRQHandler)
    HAL_UART_Init                            0x08003291   Thumb Code    98  stm32f4xx_hal_uart.o(i.HAL_UART_Init)
    HAL_UART_MspInit                         0x080032f5   Thumb Code   678  usart.o(i.HAL_UART_MspInit)
    HAL_UART_Receive_DMA                     0x080035cd   Thumb Code    42  stm32f4xx_hal_uart.o(i.HAL_UART_Receive_DMA)
    HAL_UART_RxCpltCallback                  0x080035f9   Thumb Code    82  communication.o(i.HAL_UART_RxCpltCallback)
    HAL_UART_RxHalfCpltCallback              0x08003661   Thumb Code     2  stm32f4xx_hal_uart.o(i.HAL_UART_RxHalfCpltCallback)
    HAL_UART_TxCpltCallback                  0x08003663   Thumb Code     2  stm32f4xx_hal_uart.o(i.HAL_UART_TxCpltCallback)
    HardFault_Handler                        0x08003665   Thumb Code     2  stm32f4xx_it.o(i.HardFault_Handler)
    INS_gyrooffset_calculate                 0x08003669   Thumb Code   168  ins_task.o(i.INS_gyrooffset_calculate)
    INS_task                                 0x0800371d   Thumb Code   476  ins_task.o(i.INS_task)
    MX_CAN1_Init                             0x0800391d   Thumb Code    60  can.o(i.MX_CAN1_Init)
    MX_CAN2_Init                             0x08003961   Thumb Code    60  can.o(i.MX_CAN2_Init)
    MX_DMA_Init                              0x080039a5   Thumb Code   168  dma.o(i.MX_DMA_Init)
    MX_FREERTOS_Init                         0x08003a51   Thumb Code    74  freertos.o(i.MX_FREERTOS_Init)
    MX_GPIO_Init                             0x08003aa5   Thumb Code   370  gpio.o(i.MX_GPIO_Init)
    MX_I2C3_Init                             0x08003c31   Thumb Code    50  i2c.o(i.MX_I2C3_Init)
    MX_SPI1_Init                             0x08003c71   Thumb Code    64  spi.o(i.MX_SPI1_Init)
    MX_TIM10_Init                            0x08003cb9   Thumb Code    92  tim.o(i.MX_TIM10_Init)
    MX_USART1_UART_Init                      0x08003d1d   Thumb Code    48  usart.o(i.MX_USART1_UART_Init)
    MX_USART3_UART_Init                      0x08003d55   Thumb Code    46  usart.o(i.MX_USART3_UART_Init)
    MX_USART6_UART_Init                      0x08003d91   Thumb Code    48  usart.o(i.MX_USART6_UART_Init)
    MahonyAHRSupdateIMU                      0x08003dc9   Thumb Code   466  ins_task.o(i.MahonyAHRSupdateIMU)
    MemManage_Handler                        0x08003fad   Thumb Code     2  stm32f4xx_it.o(i.MemManage_Handler)
    NMI_Handler                              0x08003faf   Thumb Code     2  stm32f4xx_it.o(i.NMI_Handler)
    PID_calc                                 0x08003fb1   Thumb Code   292  pid.o(i.PID_calc)
    PID_init                                 0x080040d9   Thumb Code    88  pid.o(i.PID_init)
    SPI1_DMA_enable                          0x08004135   Thumb Code   196  bsp_spi.o(i.SPI1_DMA_enable)
    SPI1_DMA_init                            0x08004209   Thumb Code   216  bsp_spi.o(i.SPI1_DMA_init)
    SPI1_IRQHandler                          0x080042f9   Thumb Code     6  stm32f4xx_it.o(i.SPI1_IRQHandler)
    StartDefaultTask                         0x08004425   Thumb Code     8  freertos.o(i.StartDefaultTask)
    SysTick_Handler                          0x0800442d   Thumb Code    38  port.o(i.SysTick_Handler)
    SystemClock_Config                       0x08004459   Thumb Code   140  main.o(i.SystemClock_Config)
    SystemInit                               0x080044ed   Thumb Code    12  system_stm32f4xx.o(i.SystemInit)
    TIM3_IRQHandler                          0x080044fd   Thumb Code     6  stm32f4xx_it.o(i.TIM3_IRQHandler)
    TIM_Base_SetConfig                       0x08004509   Thumb Code   156  stm32f4xx_hal_tim.o(i.TIM_Base_SetConfig)
    TIM_CCxChannelCmd                        0x080045d1   Thumb Code    26  stm32f4xx_hal_tim.o(i.TIM_CCxChannelCmd)
    TIM_OC2_SetConfig                        0x0800464d   Thumb Code    98  stm32f4xx_hal_tim.o(i.TIM_OC2_SetConfig)
    UART_Start_Receive_DMA                   0x08004a9d   Thumb Code   134  stm32f4xx_hal_uart.o(i.UART_Start_Receive_DMA)
    USART1_IRQHandler                        0x08004b31   Thumb Code    18  stm32f4xx_it.o(i.USART1_IRQHandler)
    USART3_IRQHandler                        0x08004b49   Thumb Code    18  stm32f4xx_it.o(i.USART3_IRQHandler)
    USART3_Init                              0x08004b61   Thumb Code    52  drv_usart.o(i.USART3_Init)
    USART3_rxDataHandler                     0x08004b9d   Thumb Code   364  rc_potocal.o(i.USART3_rxDataHandler)
    USART6_IRQHandler                        0x08004d15   Thumb Code     6  stm32f4xx_it.o(i.USART6_IRQHandler)
    USER_DMA2_Stream2_IRQHandler             0x08004d21   Thumb Code   142  ins_task.o(i.USER_DMA2_Stream2_IRQHandler)
    UsageFault_Handler                       0x08004dc5   Thumb Code     2  stm32f4xx_it.o(i.UsageFault_Handler)
    __ARM_fpclassify                         0x08004dc7   Thumb Code    48  fpclassify.o(i.__ARM_fpclassify)
    __ARM_fpclassifyf                        0x08004df7   Thumb Code    38  fpclassifyf.o(i.__ARM_fpclassifyf)
    __hardfp_asinf                           0x08004e3d   Thumb Code   258  asinf.o(i.__hardfp_asinf)
    __hardfp_atan                            0x08004f69   Thumb Code   622  atan.o(i.__hardfp_atan)
    __hardfp_atan2f                          0x08005241   Thumb Code   594  atan2f.o(i.__hardfp_atan2f)
    __hardfp_cos                             0x080054f1   Thumb Code   180  cos.o(i.__hardfp_cos)
    __hardfp_pow                             0x080055b9   Thumb Code  3072  pow.o(i.__hardfp_pow)
    __hardfp_sin                             0x08006209   Thumb Code   180  sin.o(i.__hardfp_sin)
    __hardfp_sqrt                            0x080062d1   Thumb Code   122  sqrt.o(i.__hardfp_sqrt)
    __ieee754_rem_pio2                       0x08006351   Thumb Code   938  rred.o(i.__ieee754_rem_pio2)
    __kernel_cos                             0x08006789   Thumb Code   322  cos_i.o(i.__kernel_cos)
    __kernel_poly                            0x080068f9   Thumb Code   248  poly.o(i.__kernel_poly)
    __kernel_sin                             0x080069f1   Thumb Code   280  sin_i.o(i.__kernel_sin)
    __mathlib_dbl_divzero                    0x08006b21   Thumb Code    28  dunder.o(i.__mathlib_dbl_divzero)
    __mathlib_dbl_infnan                     0x08006b51   Thumb Code    20  dunder.o(i.__mathlib_dbl_infnan)
    __mathlib_dbl_infnan2                    0x08006b65   Thumb Code    20  dunder.o(i.__mathlib_dbl_infnan2)
    __mathlib_dbl_invalid                    0x08006b79   Thumb Code    24  dunder.o(i.__mathlib_dbl_invalid)
    __mathlib_dbl_overflow                   0x08006b99   Thumb Code    24  dunder.o(i.__mathlib_dbl_overflow)
    __mathlib_dbl_underflow                  0x08006bb9   Thumb Code    24  dunder.o(i.__mathlib_dbl_underflow)
    __mathlib_flt_infnan                     0x08006bd9   Thumb Code     6  funder.o(i.__mathlib_flt_infnan)
    __mathlib_flt_infnan2                    0x08006bdf   Thumb Code     6  funder.o(i.__mathlib_flt_infnan2)
    __mathlib_flt_invalid                    0x08006be5   Thumb Code    10  funder.o(i.__mathlib_flt_invalid)
    __mathlib_flt_underflow                  0x08006bf5   Thumb Code    10  funder.o(i.__mathlib_flt_underflow)
    bmi088_accel_init                        0x08006c05   Thumb Code   292  bmi088driver.o(i.bmi088_accel_init)
    bmi088_accel_self_test                   0x08006d2d   Thumb Code   714  bmi088driver.o(i.bmi088_accel_self_test)
    bmi088_gyro_init                         0x08007001   Thumb Code   214  bmi088driver.o(i.bmi088_gyro_init)
    bmi088_gyro_self_test                    0x080070dd   Thumb Code   202  bmi088driver.o(i.bmi088_gyro_self_test)
    can_cmd_send_3508                        0x080071a9   Thumb Code    60  user_can.o(i.can_cmd_send_3508)
    can_cmd_send_6020                        0x080071f1   Thumb Code    60  user_can.o(i.can_cmd_send_6020)
    can_cmd_send_6020_2                      0x08007239   Thumb Code    60  user_can.o(i.can_cmd_send_6020_2)
    can_remote                               0x08007281   Thumb Code    32  user_can.o(i.can_remote)
    compound_control                         0x080072a5   Thumb Code   300  channel_changes.o(i.compound_control)
    compound_movement_3508                   0x08007405   Thumb Code   682  motion_overlay.o(i.compound_movement_3508)
    compound_movement_6020                   0x080076c9   Thumb Code   486  motion_overlay.o(i.compound_movement_6020)
    delay_init                               0x080078c1   Thumb Code    26  bsp_delay.o(i.delay_init)
    delay_us                                 0x080078e9   Thumb Code    48  bsp_delay.o(i.delay_us)
    fabs                                     0x08007965   Thumb Code    24  fabs.o(i.fabs)
    get_angle                                0x0800797d   Thumb Code   234  ins_task.o(i.get_angle)
    imu_pwm_set                              0x08007c11   Thumb Code     8  bsp_imu_pwm.o(i.imu_pwm_set)
    invSqrt                                  0x08007c99   Thumb Code    40  ins_task.o(i.invSqrt)
    limit_max                                0x08007cc5   Thumb Code    18  user_pid.o(i.limit_max)
    main                                     0x08007cd9   Thumb Code   114  main.o(i.main)
    motor_value                              0x08007d69   Thumb Code   124  handle_value.o(i.motor_value)
    osDelay                                  0x08007ded   Thumb Code    14  cmsis_os.o(i.osDelay)
    osKernelStart                            0x08007dfb   Thumb Code    10  cmsis_os.o(i.osKernelStart)
    osThreadCreate                           0x08007e05   Thumb Code    84  cmsis_os.o(i.osThreadCreate)
    pcTaskGetName                            0x08007e59   Thumb Code    28  tasks.o(i.pcTaskGetName)
    pid_cal_a                                0x08007e79   Thumb Code   200  user_pid.o(i.pid_cal_a)
    pid_cal_s                                0x08007f41   Thumb Code   158  user_pid.o(i.pid_cal_s)
    pid_init                                 0x08007fdf   Thumb Code    12  user_pid.o(i.pid_init)
    pvPortMalloc                             0x08008391   Thumb Code   216  heap_4.o(i.pvPortMalloc)
    pxPortInitialiseStack                    0x0800846d   Thumb Code    40  port.o(i.pxPortInitialiseStack)
    remote_value                             0x08008499   Thumb Code   324  handle_value.o(i.remote_value)
    rotate_6020                              0x080085f5   Thumb Code    84  motion_overlay.o(i.rotate_6020)
    rotate_control                           0x0800864d   Thumb Code   292  channel_changes.o(i.rotate_control)
    sqrt                                     0x080087a5   Thumb Code   110  sqrt.o(i.sqrt)
    sqrtf                                    0x08008813   Thumb Code    62  sqrtf.o(i.sqrtf)
    translate_3508                           0x08008851   Thumb Code   134  motion_overlay.o(i.translate_3508)
    translate_6020                           0x080088e5   Thumb Code   254  motion_overlay.o(i.translate_6020)
    translational_control                    0x080089ed   Thumb Code   300  channel_changes.o(i.translational_control)
    ulTaskNotifyTake                         0x08008b9d   Thumb Code    96  tasks.o(i.ulTaskNotifyTake)
    uxListRemove                             0x08008c05   Thumb Code    38  list.o(i.uxListRemove)
    vApplicationGetIdleTaskMemory            0x08008c2d   Thumb Code    16  freertos.o(i.vApplicationGetIdleTaskMemory)
    vListInitialise                          0x08008c41   Thumb Code    22  list.o(i.vListInitialise)
    vListInitialiseItem                      0x08008c57   Thumb Code     6  list.o(i.vListInitialiseItem)
    vListInsert                              0x08008c5d   Thumb Code    48  list.o(i.vListInsert)
    vListInsertEnd                           0x08008c8d   Thumb Code    24  list.o(i.vListInsertEnd)
    vPortEnterCritical                       0x08008ca5   Thumb Code    54  port.o(i.vPortEnterCritical)
    vPortExitCritical                        0x08008ce5   Thumb Code    34  port.o(i.vPortExitCritical)
    vPortFree                                0x08008d0d   Thumb Code    94  heap_4.o(i.vPortFree)
    vPortSetupTimerInterrupt                 0x08008d71   Thumb Code    32  port.o(i.vPortSetupTimerInterrupt)
    vPortValidateInterruptPriority           0x08008d95   Thumb Code    74  port.o(i.vPortValidateInterruptPriority)
    vTaskDelay                               0x08008de9   Thumb Code    66  tasks.o(i.vTaskDelay)
    vTaskNotifyGiveFromISR                   0x08008e35   Thumb Code   172  tasks.o(i.vTaskNotifyGiveFromISR)
    vTaskStartScheduler                      0x08008ee9   Thumb Code    90  tasks.o(i.vTaskStartScheduler)
    vTaskSuspendAll                          0x08008f55   Thumb Code    10  tasks.o(i.vTaskSuspendAll)
    vTaskSwitchContext                       0x08008f65   Thumb Code    82  tasks.o(i.vTaskSwitchContext)
    xPortStartScheduler                      0x08008fc1   Thumb Code   222  port.o(i.xPortStartScheduler)
    xTaskCreate                              0x080090b5   Thumb Code    90  tasks.o(i.xTaskCreate)
    xTaskCreateStatic                        0x0800910f   Thumb Code    86  tasks.o(i.xTaskCreateStatic)
    xTaskGetHandle                           0x08009165   Thumb Code   124  tasks.o(i.xTaskGetHandle)
    xTaskGetSchedulerState                   0x080091e9   Thumb Code    22  tasks.o(i.xTaskGetSchedulerState)
    xTaskIncrementTick                       0x08009205   Thumb Code   194  tasks.o(i.xTaskIncrementTick)
    xTaskResumeAll                           0x080092d1   Thumb Code   182  tasks.o(i.xTaskResumeAll)
    __aeabi_dneg                             0x08009395   Thumb Code     0  basic.o(x$fpl$basic)
    _dneg                                    0x08009395   Thumb Code     6  basic.o(x$fpl$basic)
    __aeabi_fneg                             0x0800939b   Thumb Code     0  basic.o(x$fpl$basic)
    _fneg                                    0x0800939b   Thumb Code     6  basic.o(x$fpl$basic)
    _dabs                                    0x080093a1   Thumb Code     6  basic.o(x$fpl$basic)
    _fabs                                    0x080093a7   Thumb Code     6  basic.o(x$fpl$basic)
    __aeabi_d2f                              0x080093ad   Thumb Code     0  d2f.o(x$fpl$d2f)
    _d2f                                     0x080093ad   Thumb Code    98  d2f.o(x$fpl$d2f)
    __aeabi_dadd                             0x08009411   Thumb Code     0  daddsub_clz.o(x$fpl$dadd)
    _dadd                                    0x08009411   Thumb Code   332  daddsub_clz.o(x$fpl$dadd)
    __fpl_dcheck_NaN1                        0x08009561   Thumb Code    10  dcheck1.o(x$fpl$dcheck1)
    __fpl_dcmp_Inf                           0x08009571   Thumb Code    24  dcmpi.o(x$fpl$dcmpinf)
    __aeabi_ddiv                             0x08009589   Thumb Code     0  ddiv.o(x$fpl$ddiv)
    _ddiv                                    0x08009589   Thumb Code   552  ddiv.o(x$fpl$ddiv)
    __aeabi_d2iz                             0x08009839   Thumb Code     0  dfix.o(x$fpl$dfix)
    _dfix                                    0x08009839   Thumb Code    94  dfix.o(x$fpl$dfix)
    __aeabi_i2d                              0x08009897   Thumb Code     0  dflt_clz.o(x$fpl$dflt)
    _dflt                                    0x08009897   Thumb Code    46  dflt_clz.o(x$fpl$dflt)
    __aeabi_ui2d                             0x080098c5   Thumb Code     0  dflt_clz.o(x$fpl$dfltu)
    _dfltu                                   0x080098c5   Thumb Code    38  dflt_clz.o(x$fpl$dfltu)
    __aeabi_cdcmple                          0x080098ed   Thumb Code     0  dleqf.o(x$fpl$dleqf)
    _dcmple                                  0x080098ed   Thumb Code   120  dleqf.o(x$fpl$dleqf)
    __fpl_dcmple_InfNaN                      0x0800994f   Thumb Code     0  dleqf.o(x$fpl$dleqf)
    __aeabi_dmul                             0x08009965   Thumb Code     0  dmul.o(x$fpl$dmul)
    _dmul                                    0x08009965   Thumb Code   332  dmul.o(x$fpl$dmul)
    __fpl_dnaninf                            0x08009ab9   Thumb Code   156  dnaninf.o(x$fpl$dnaninf)
    __fpl_dretinf                            0x08009b55   Thumb Code    12  dretinf.o(x$fpl$dretinf)
    __aeabi_cdrcmple                         0x08009b61   Thumb Code     0  drleqf.o(x$fpl$drleqf)
    _drcmple                                 0x08009b61   Thumb Code   108  drleqf.o(x$fpl$drleqf)
    __aeabi_drsub                            0x08009bcd   Thumb Code     0  daddsub_clz.o(x$fpl$drsb)
    _drsb                                    0x08009bcd   Thumb Code    22  daddsub_clz.o(x$fpl$drsb)
    _dsqrt                                   0x08009be5   Thumb Code   404  dsqrt_umaal.o(x$fpl$dsqrt)
    __aeabi_dsub                             0x08009d7d   Thumb Code     0  daddsub_clz.o(x$fpl$dsub)
    _dsub                                    0x08009d7d   Thumb Code   464  daddsub_clz.o(x$fpl$dsub)
    __aeabi_f2d                              0x08009f51   Thumb Code     0  f2d.o(x$fpl$f2d)
    _f2d                                     0x08009f51   Thumb Code    86  f2d.o(x$fpl$f2d)
    __fpl_fnaninf                            0x08009fa7   Thumb Code   140  fnaninf.o(x$fpl$fnaninf)
    _fp_init                                 0x0800a033   Thumb Code    10  fpinit.o(x$fpl$fpinit)
    __fplib_config_fpu_vfp                   0x0800a03b   Thumb Code     0  fpinit.o(x$fpl$fpinit)
    __fplib_config_pureend_doubles           0x0800a03b   Thumb Code     0  fpinit.o(x$fpl$fpinit)
    __fpl_fretinf                            0x0800a03d   Thumb Code    10  fretinf.o(x$fpl$fretinf)
    __fpl_return_NaN                         0x0800a047   Thumb Code   100  retnan.o(x$fpl$retnan)
    __ARM_scalbn                             0x0800a0ab   Thumb Code    92  scalbn.o(x$fpl$scalbn)
    __fpl_cmpreturn                          0x0800a107   Thumb Code    48  trapv.o(x$fpl$trapveneer)
    __I$use$fp                               0x0800a136   Number         0  usenofp.o(x$fpl$usenofp)
    AHBPrescTable                            0x0800a1b8   Data          16  system_stm32f4xx.o(.constdata)
    APBPrescTable                            0x0800a1c8   Data           8  system_stm32f4xx.o(.constdata)
    __mathlib_zero                           0x0800a340   Data           8  qnan.o(.constdata)
    Region$$Table$$Base                      0x0800a454   Number         0  anon$$obj.o(Region$$Table)
    Region$$Table$$Limit                     0x0800a474   Number         0  anon$$obj.o(Region$$Table)
    theta                                    0x20000000   Data           2  chassis.o(.data)
    Max_out_a                                0x20000002   Data           2  chassis.o(.data)
    Max_iout_a                               0x20000004   Data           2  chassis.o(.data)
    Max_out_s                                0x20000006   Data           2  chassis.o(.data)
    Max_iout_s                               0x20000008   Data           2  chassis.o(.data)
    initial_angle                            0x2000000a   Data           8  chassis.o(.data)
    ChassisHandle                            0x20000014   Data           4  freertos.o(.data)
    InsTaskHandle                            0x20000018   Data           4  freertos.o(.data)
    defaultTaskHandle                        0x2000001c   Data           4  freertos.o(.data)
    uwTickFreq                               0x20000024   Data           1  stm32f4xx_hal.o(.data)
    uwTickPrio                               0x20000028   Data           4  stm32f4xx_hal.o(.data)
    uwTick                                   0x2000002c   Data           4  stm32f4xx_hal.o(.data)
    SystemCoreClock                          0x20000030   Data           4  system_stm32f4xx.o(.data)
    pxCurrentTCB                             0x20000034   Data           4  tasks.o(.data)
    press_left                               0x2000009c   Data           1  rc_potocal.o(.data)
    press_right                              0x2000009d   Data           1  rc_potocal.o(.data)
    Rotate_w                                 0x2000009e   Data           2  rc_potocal.o(.data)
    w_flag                                   0x200000a0   Data           2  rc_potocal.o(.data)
    s_flag                                   0x200000a2   Data           2  rc_potocal.o(.data)
    a_flag                                   0x200000a4   Data           2  rc_potocal.o(.data)
    d_flag                                   0x200000a6   Data           2  rc_potocal.o(.data)
    q_flag                                   0x200000a8   Data           2  rc_potocal.o(.data)
    e_flag                                   0x200000aa   Data           2  rc_potocal.o(.data)
    shift_flag                               0x200000ac   Data           2  rc_potocal.o(.data)
    ctrl_flag                                0x200000ae   Data           2  rc_potocal.o(.data)
    r_flag                                   0x200000b0   Data           2  rc_potocal.o(.data)
    f_flag                                   0x200000b2   Data           2  rc_potocal.o(.data)
    g_flag                                   0x200000b4   Data           2  rc_potocal.o(.data)
    z_flag                                   0x200000b6   Data           2  rc_potocal.o(.data)
    x_flag                                   0x200000b8   Data           2  rc_potocal.o(.data)
    c_flag                                   0x200000ba   Data           2  rc_potocal.o(.data)
    v_flag                                   0x200000bc   Data           2  rc_potocal.o(.data)
    b_flag                                   0x200000be   Data           2  rc_potocal.o(.data)
    temp_remote                              0x200000c0   Data           8  rc_potocal.o(.data)
    motor_angle                              0x200000c8   Data           8  motion_overlay.o(.data)
    motor_speed                              0x200000d0   Data           8  motion_overlay.o(.data)
    begin                                    0x200000d8   Data           1  communication.o(.data)
    temp                                     0x200000d9   Data           1  communication.o(.data)
    data_length                              0x200000da   Data           1  communication.o(.data)
    value                                    0x200000dc   Data           4  drv_usart.o(.data)
    can_send_data                            0x200000e0   Data           8  user_can.o(.data)
    get_6020                                 0x200000e8   Data           8  channel_changes.o(.data)
    speed_6020                               0x200000f0   Data           8  channel_changes.o(.data)
    output_6020                              0x200000f8   Data           8  channel_changes.o(.data)
    output_3508                              0x20000100   Data           8  channel_changes.o(.data)
    cn1                                      0x20000108   Data           1  bmi088driver.o(.data)
    BMI088_ACCEL_SEN                         0x2000010c   Data           4  bmi088driver.o(.data)
    BMI088_GYRO_SEN                          0x20000110   Data           4  bmi088driver.o(.data)
    gyro_update_flag                         0x20000140   Data           1  ins_task.o(.data)
    accel_update_flag                        0x20000141   Data           1  ins_task.o(.data)
    accel_temp_update_flag                   0x20000142   Data           1  ins_task.o(.data)
    imu_start_dma_flag                       0x20000143   Data           1  ins_task.o(.data)
    accel_temp_dma_tx_buf                    0x20000146   Data           4  ins_task.o(.data)
    twoKp                                    0x2000014c   Data           4  ins_task.o(.data)
    twoKi                                    0x20000150   Data           4  ins_task.o(.data)
    integralFBx                              0x20000154   Data           4  ins_task.o(.data)
    integralFBy                              0x20000158   Data           4  ins_task.o(.data)
    integralFBz                              0x2000015c   Data           4  ins_task.o(.data)
    accel_temp_dma_rx_buf                    0x20000168   Data           4  ins_task.o(.data)
    gyro_dma_tx_buf                          0x2000016c   Data           8  ins_task.o(.data)
    gyro_dma_rx_buf                          0x20000174   Data           8  ins_task.o(.data)
    accel_dma_tx_buf                         0x2000017c   Data           9  ins_task.o(.data)
    gyro_scale_factor                        0x20000188   Data          36  ins_task.o(.data)
    accel_scale_factor                       0x200001ac   Data          36  ins_task.o(.data)
    PID_angle                                0x200001d0   Data         128  chassis.o(.bss)
    PID_speed_3508                           0x20000250   Data         128  chassis.o(.bss)
    PID_speed_6020                           0x200002d0   Data         128  chassis.o(.bss)
    Rx                                       0x20000350   Data         128  main.o(.bss)
    hcan1                                    0x20000624   Data          40  can.o(.bss)
    hcan2                                    0x2000064c   Data          40  can.o(.bss)
    hi2c3                                    0x20000674   Data          84  i2c.o(.bss)
    hspi1                                    0x200006c8   Data          88  spi.o(.bss)
    hdma_spi1_tx                             0x20000720   Data          96  spi.o(.bss)
    hdma_spi1_rx                             0x20000780   Data          96  spi.o(.bss)
    htim10                                   0x200007e0   Data          72  tim.o(.bss)
    huart1                                   0x20000828   Data          68  usart.o(.bss)
    huart3                                   0x2000086c   Data          68  usart.o(.bss)
    huart6                                   0x200008b0   Data          68  usart.o(.bss)
    hdma_usart1_rx                           0x200008f4   Data          96  usart.o(.bss)
    hdma_usart1_tx                           0x20000954   Data          96  usart.o(.bss)
    hdma_usart3_rx                           0x200009b4   Data          96  usart.o(.bss)
    hdma_usart3_tx                           0x20000a14   Data          96  usart.o(.bss)
    hdma_usart6_rx                           0x20000a74   Data          96  usart.o(.bss)
    hdma_usart6_tx                           0x20000ad4   Data          96  usart.o(.bss)
    htim3                                    0x20000b34   Data          72  stm32f4xx_hal_timebase_tim.o(.bss)
    rc_ctrl                                  0x2000486c   Data          22  rc_potocal.o(.bss)
    Tx                                       0x20004884   Data          12  communication.o(.bss)
    usart3_dma_rxbuf                         0x20004890   Data          48  drv_usart.o(.bss)
    can_tx_message                           0x200048c0   Data          24  user_can.o(.bss)
    motor                                    0x200048d8   Data         128  user_can.o(.bss)
    motor_2                                  0x20004958   Data          32  user_can.o(.bss)
    INS_gyro                                 0x2000499c   Data          12  ins_task.o(.bss)
    INS_accel                                0x200049a8   Data          12  ins_task.o(.bss)
    INS_mag                                  0x200049b4   Data          12  ins_task.o(.bss)
    INS_quat                                 0x200049c0   Data          16  ins_task.o(.bss)
    INS_angle                                0x200049d0   Data          12  ins_task.o(.bss)
    accel_dma_rx_buf                         0x200049dc   Data           9  ins_task.o(.bss)
    bmi088_real_data                         0x200049e8   Data          36  ins_task.o(.bss)
    accel_offset                             0x20004a0c   Data          12  ins_task.o(.bss)
    imu_temp_pid                             0x20004a18   Data          72  ins_task.o(.bss)
    gyrooffset                               0x20004a60   Data          12  ins_task.o(.bss)
    __libspace_start                         0x20004a6c   Data          96  libspace.o(.bss)
    __temporary_stack_top$libspace           0x20004acc   Data           0  libspace.o(.bss)



==============================================================================

Memory Map of the image

  Image Entry point : 0x08000189

  Load Region LR_IROM1 (Base: 0x08000000, Size: 0x0000a644, Max: 0x00100000, ABSOLUTE, COMPRESSED[0x0000a4dc])

    Execution Region ER_IROM1 (Exec base: 0x08000000, Load base: 0x08000000, Size: 0x0000a474, Max: 0x00100000, ABSOLUTE)

    Exec Addr    Load Addr    Size         Type   Attr      Idx    E Section Name        Object

    0x08000000   0x08000000   0x00000188   Data   RO            3    RESET               startup_stm32f407xx.o
    0x08000188   0x08000188   0x00000008   Code   RO         6694  * !!!main             c_w.l(__main.o)
    0x08000190   0x08000190   0x00000034   Code   RO         7082    !!!scatter          c_w.l(__scatter.o)
    0x080001c4   0x080001c4   0x0000005a   Code   RO         7080    !!dczerorl2         c_w.l(__dczerorl2.o)
    0x0800021e   0x0800021e   0x00000002   PAD
    0x08000220   0x08000220   0x0000001c   Code   RO         7084    !!handler_zi        c_w.l(__scatter_zi.o)
    0x0800023c   0x0800023c   0x00000002   Code   RO         6947    .ARM.Collect$$libinit$$00000000  c_w.l(libinit.o)
    0x0800023e   0x0800023e   0x00000004   Code   RO         6958    .ARM.Collect$$libinit$$00000001  c_w.l(libinit2.o)
    0x08000242   0x08000242   0x00000000   Code   RO         6961    .ARM.Collect$$libinit$$00000004  c_w.l(libinit2.o)
    0x08000242   0x08000242   0x00000000   Code   RO         6964    .ARM.Collect$$libinit$$0000000A  c_w.l(libinit2.o)
    0x08000242   0x08000242   0x00000000   Code   RO         6966    .ARM.Collect$$libinit$$0000000C  c_w.l(libinit2.o)
    0x08000242   0x08000242   0x00000000   Code   RO         6968    .ARM.Collect$$libinit$$0000000E  c_w.l(libinit2.o)
    0x08000242   0x08000242   0x00000000   Code   RO         6971    .ARM.Collect$$libinit$$00000011  c_w.l(libinit2.o)
    0x08000242   0x08000242   0x00000000   Code   RO         6973    .ARM.Collect$$libinit$$00000013  c_w.l(libinit2.o)
    0x08000242   0x08000242   0x00000000   Code   RO         6975    .ARM.Collect$$libinit$$00000015  c_w.l(libinit2.o)
    0x08000242   0x08000242   0x00000000   Code   RO         6977    .ARM.Collect$$libinit$$00000017  c_w.l(libinit2.o)
    0x08000242   0x08000242   0x00000000   Code   RO         6979    .ARM.Collect$$libinit$$00000019  c_w.l(libinit2.o)
    0x08000242   0x08000242   0x00000000   Code   RO         6981    .ARM.Collect$$libinit$$0000001B  c_w.l(libinit2.o)
    0x08000242   0x08000242   0x00000000   Code   RO         6983    .ARM.Collect$$libinit$$0000001D  c_w.l(libinit2.o)
    0x08000242   0x08000242   0x00000000   Code   RO         6985    .ARM.Collect$$libinit$$0000001F  c_w.l(libinit2.o)
    0x08000242   0x08000242   0x00000000   Code   RO         6987    .ARM.Collect$$libinit$$00000021  c_w.l(libinit2.o)
    0x08000242   0x08000242   0x00000000   Code   RO         6989    .ARM.Collect$$libinit$$00000023  c_w.l(libinit2.o)
    0x08000242   0x08000242   0x00000000   Code   RO         6991    .ARM.Collect$$libinit$$00000025  c_w.l(libinit2.o)
    0x08000242   0x08000242   0x00000000   Code   RO         6995    .ARM.Collect$$libinit$$0000002C  c_w.l(libinit2.o)
    0x08000242   0x08000242   0x00000000   Code   RO         6997    .ARM.Collect$$libinit$$0000002E  c_w.l(libinit2.o)
    0x08000242   0x08000242   0x00000000   Code   RO         6999    .ARM.Collect$$libinit$$00000030  c_w.l(libinit2.o)
    0x08000242   0x08000242   0x00000000   Code   RO         7001    .ARM.Collect$$libinit$$00000032  c_w.l(libinit2.o)
    0x08000242   0x08000242   0x00000002   Code   RO         7002    .ARM.Collect$$libinit$$00000033  c_w.l(libinit2.o)
    0x08000244   0x08000244   0x00000002   Code   RO         7035    .ARM.Collect$$libshutdown$$00000000  c_w.l(libshutdown.o)
    0x08000246   0x08000246   0x00000000   Code   RO         7061    .ARM.Collect$$libshutdown$$00000002  c_w.l(libshutdown2.o)
    0x08000246   0x08000246   0x00000000   Code   RO         7063    .ARM.Collect$$libshutdown$$00000004  c_w.l(libshutdown2.o)
    0x08000246   0x08000246   0x00000000   Code   RO         7065    .ARM.Collect$$libshutdown$$00000006  c_w.l(libshutdown2.o)
    0x08000246   0x08000246   0x00000000   Code   RO         7068    .ARM.Collect$$libshutdown$$00000009  c_w.l(libshutdown2.o)
    0x08000246   0x08000246   0x00000000   Code   RO         7071    .ARM.Collect$$libshutdown$$0000000C  c_w.l(libshutdown2.o)
    0x08000246   0x08000246   0x00000000   Code   RO         7073    .ARM.Collect$$libshutdown$$0000000E  c_w.l(libshutdown2.o)
    0x08000246   0x08000246   0x00000000   Code   RO         7076    .ARM.Collect$$libshutdown$$00000011  c_w.l(libshutdown2.o)
    0x08000246   0x08000246   0x00000002   Code   RO         7077    .ARM.Collect$$libshutdown$$00000012  c_w.l(libshutdown2.o)
    0x08000248   0x08000248   0x00000000   Code   RO         6810    .ARM.Collect$$rtentry$$00000000  c_w.l(__rtentry.o)
    0x08000248   0x08000248   0x00000000   Code   RO         6906    .ARM.Collect$$rtentry$$00000002  c_w.l(__rtentry2.o)
    0x08000248   0x08000248   0x00000006   Code   RO         6918    .ARM.Collect$$rtentry$$00000004  c_w.l(__rtentry4.o)
    0x0800024e   0x0800024e   0x00000000   Code   RO         6908    .ARM.Collect$$rtentry$$00000009  c_w.l(__rtentry2.o)
    0x0800024e   0x0800024e   0x00000004   Code   RO         6909    .ARM.Collect$$rtentry$$0000000A  c_w.l(__rtentry2.o)
    0x08000252   0x08000252   0x00000000   Code   RO         6911    .ARM.Collect$$rtentry$$0000000C  c_w.l(__rtentry2.o)
    0x08000252   0x08000252   0x00000008   Code   RO         6912    .ARM.Collect$$rtentry$$0000000D  c_w.l(__rtentry2.o)
    0x0800025a   0x0800025a   0x00000002   Code   RO         6950    .ARM.Collect$$rtexit$$00000000  c_w.l(rtexit.o)
    0x0800025c   0x0800025c   0x00000000   Code   RO         7008    .ARM.Collect$$rtexit$$00000002  c_w.l(rtexit2.o)
    0x0800025c   0x0800025c   0x00000004   Code   RO         7009    .ARM.Collect$$rtexit$$00000003  c_w.l(rtexit2.o)
    0x08000260   0x08000260   0x00000006   Code   RO         7010    .ARM.Collect$$rtexit$$00000004  c_w.l(rtexit2.o)
    0x08000266   0x08000266   0x00000002   PAD
    0x08000268   0x08000268   0x000000be   Code   RO         5680    .emb_text           port.o
    0x08000326   0x08000326   0x00000002   PAD
    0x08000328   0x08000328   0x00000040   Code   RO            4    .text               startup_stm32f407xx.o
    0x08000368   0x08000368   0x000000ee   Code   RO         6680    .text               c_w.l(lludivv7m.o)
    0x08000456   0x08000456   0x0000003e   Code   RO         6682    .text               c_w.l(strlen.o)
    0x08000494   0x08000494   0x00000064   Code   RO         6686    .text               c_w.l(rt_memcpy_w.o)
    0x080004f8   0x080004f8   0x0000004e   Code   RO         6690    .text               c_w.l(rt_memclr_w.o)
    0x08000546   0x08000546   0x00000006   Code   RO         6692    .text               c_w.l(heapauxi.o)
    0x0800054c   0x0800054c   0x00000016   Code   RO         6815    .text               c_w.l(_rserrno.o)
    0x08000562   0x08000562   0x00000002   PAD
    0x08000564   0x08000564   0x00000008   Code   RO         6925    .text               c_w.l(rt_errno_addr_intlibspace.o)
    0x0800056c   0x0800056c   0x00000008   Code   RO         6931    .text               c_w.l(libspace.o)
    0x08000574   0x08000574   0x0000004a   Code   RO         6934    .text               c_w.l(sys_stackheap_outer.o)
    0x080005be   0x080005be   0x00000012   Code   RO         6936    .text               c_w.l(exit.o)
    0x080005d0   0x080005d0   0x0000000c   Code   RO         7005    .text               c_w.l(sys_exit.o)
    0x080005dc   0x080005dc   0x00000002   Code   RO         7024    .text               c_w.l(use_no_semi.o)
    0x080005de   0x080005de   0x00000000   Code   RO         7026    .text               c_w.l(indicate_semi.o)
    0x080005de   0x080005de   0x00000002   PAD
    0x080005e0   0x080005e0   0x00000020   Code   RO         6519    i.AHRS_init         ins_task.o
    0x08000600   0x08000600   0x00000010   Code   RO         6322    i.BMI088_ACCEL_NS_H  bmi088middleware.o
    0x08000610   0x08000610   0x00000010   Code   RO         6323    i.BMI088_ACCEL_NS_L  bmi088middleware.o
    0x08000620   0x08000620   0x00000002   Code   RO         6324    i.BMI088_GPIO_init  bmi088middleware.o
    0x08000622   0x08000622   0x00000002   PAD
    0x08000624   0x08000624   0x00000010   Code   RO         6325    i.BMI088_GYRO_NS_H  bmi088middleware.o
    0x08000634   0x08000634   0x00000010   Code   RO         6326    i.BMI088_GYRO_NS_L  bmi088middleware.o
    0x08000644   0x08000644   0x00000088   Code   RO         6186    i.BMI088_accel_read_over  bmi088driver.o
    0x080006cc   0x080006cc   0x00000002   Code   RO         6327    i.BMI088_com_init   bmi088middleware.o
    0x080006ce   0x080006ce   0x00000004   Code   RO         6328    i.BMI088_delay_ms   bmi088middleware.o
    0x080006d2   0x080006d2   0x00000004   Code   RO         6329    i.BMI088_delay_us   bmi088middleware.o
    0x080006d6   0x080006d6   0x00000002   PAD
    0x080006d8   0x080006d8   0x00000060   Code   RO         6187    i.BMI088_gyro_read_over  bmi088driver.o
    0x08000738   0x08000738   0x0000002e   Code   RO         6188    i.BMI088_init       bmi088driver.o
    0x08000766   0x08000766   0x00000002   PAD
    0x08000768   0x08000768   0x00000158   Code   RO         6189    i.BMI088_read       bmi088driver.o
    0x080008c0   0x080008c0   0x00000024   Code   RO         6192    i.BMI088_read_muli_reg  bmi088driver.o
    0x080008e4   0x080008e4   0x00000016   Code   RO         6193    i.BMI088_read_single_reg  bmi088driver.o
    0x080008fa   0x080008fa   0x00000002   PAD
    0x080008fc   0x080008fc   0x00000020   Code   RO         6330    i.BMI088_read_write_byte  bmi088middleware.o
    0x0800091c   0x0800091c   0x0000002e   Code   RO         6194    i.BMI088_temperature_read_over  bmi088driver.o
    0x0800094a   0x0800094a   0x00000012   Code   RO         6195    i.BMI088_write_single_reg  bmi088driver.o
    0x0800095c   0x0800095c   0x00000002   Code   RO          652    i.BusFault_Handler  stm32f4xx_it.o
    0x0800095e   0x0800095e   0x00000002   PAD
    0x08000960   0x08000960   0x0000003c   Code   RO         6074    i.CAN1_Init         user_can.o
    0x0800099c   0x0800099c   0x0000000c   Code   RO          653    i.CAN1_RX0_IRQHandler  stm32f4xx_it.o
    0x080009a8   0x080009a8   0x0000000c   Code   RO          654    i.CAN1_RX1_IRQHandler  stm32f4xx_it.o
    0x080009b4   0x080009b4   0x0000000c   Code   RO          655    i.CAN1_TX_IRQHandler  stm32f4xx_it.o
    0x080009c0   0x080009c0   0x0000003c   Code   RO         6075    i.CAN2_Init         user_can.o
    0x080009fc   0x080009fc   0x0000000c   Code   RO          656    i.CAN2_RX0_IRQHandler  stm32f4xx_it.o
    0x08000a08   0x08000a08   0x0000000c   Code   RO          657    i.CAN2_TX_IRQHandler  stm32f4xx_it.o
    0x08000a14   0x08000a14   0x000000d8   Code   RO           13    i.Chassis           chassis.o
    0x08000aec   0x08000aec   0x0000000c   Code   RO          658    i.DMA1_Stream1_IRQHandler  stm32f4xx_it.o
    0x08000af8   0x08000af8   0x0000000c   Code   RO          659    i.DMA1_Stream3_IRQHandler  stm32f4xx_it.o
    0x08000b04   0x08000b04   0x0000000c   Code   RO          660    i.DMA2_Stream1_IRQHandler  stm32f4xx_it.o
    0x08000b10   0x08000b10   0x00000014   Code   RO          661    i.DMA2_Stream2_IRQHandler  stm32f4xx_it.o
    0x08000b24   0x08000b24   0x0000000c   Code   RO          662    i.DMA2_Stream3_IRQHandler  stm32f4xx_it.o
    0x08000b30   0x08000b30   0x0000000c   Code   RO          663    i.DMA2_Stream5_IRQHandler  stm32f4xx_it.o
    0x08000b3c   0x08000b3c   0x0000000c   Code   RO          664    i.DMA2_Stream6_IRQHandler  stm32f4xx_it.o
    0x08000b48   0x08000b48   0x0000000c   Code   RO          665    i.DMA2_Stream7_IRQHandler  stm32f4xx_it.o
    0x08000b54   0x08000b54   0x00000244   Code   RO         5999    i.DMAEx_MultiBufferStart_NoIT  drv_usart.o
    0x08000d98   0x08000d98   0x00000028   Code   RO         1639    i.DMA_CalcBaseAndBitshift  stm32f4xx_hal_dma.o
    0x08000dc0   0x08000dc0   0x00000054   Code   RO         1640    i.DMA_CheckFifoParam  stm32f4xx_hal_dma.o
    0x08000e14   0x08000e14   0x00000028   Code   RO         1641    i.DMA_SetConfig     stm32f4xx_hal_dma.o
    0x08000e3c   0x08000e3c   0x00000030   Code   RO         6000    i.DRV_USART1_IRQHandler  drv_usart.o
    0x08000e6c   0x08000e6c   0x00000024   Code   RO         6001    i.DRV_USART3_IRQHandler  drv_usart.o
    0x08000e90   0x08000e90   0x00000002   Code   RO          666    i.DebugMon_Handler  stm32f4xx_it.o
    0x08000e92   0x08000e92   0x00000006   Code   RO          667    i.EXTI0_IRQHandler  stm32f4xx_it.o
    0x08000e98   0x08000e98   0x00000006   Code   RO          668    i.EXTI4_IRQHandler  stm32f4xx_it.o
    0x08000e9e   0x08000e9e   0x00000006   Code   RO          669    i.EXTI9_5_IRQHandler  stm32f4xx_it.o
    0x08000ea4   0x08000ea4   0x00000004   Code   RO          232    i.Error_Handler     main.o
    0x08000ea8   0x08000ea8   0x00000024   Code   RO          947    i.HAL_CAN_ActivateNotification  stm32f4xx_hal_can.o
    0x08000ecc   0x08000ecc   0x000000dc   Code   RO          948    i.HAL_CAN_AddTxMessage  stm32f4xx_hal_can.o
    0x08000fa8   0x08000fa8   0x0000010c   Code   RO          949    i.HAL_CAN_ConfigFilter  stm32f4xx_hal_can.o
    0x080010b4   0x080010b4   0x00000002   Code   RO          952    i.HAL_CAN_ErrorCallback  stm32f4xx_hal_can.o
    0x080010b6   0x080010b6   0x000000e8   Code   RO          955    i.HAL_CAN_GetRxMessage  stm32f4xx_hal_can.o
    0x0800119e   0x0800119e   0x000001fc   Code   RO          959    i.HAL_CAN_IRQHandler  stm32f4xx_hal_can.o
    0x0800139a   0x0800139a   0x0000011a   Code   RO          960    i.HAL_CAN_Init      stm32f4xx_hal_can.o
    0x080014b4   0x080014b4   0x0000012c   Code   RO          394    i.HAL_CAN_MspInit   can.o
    0x080015e0   0x080015e0   0x00000002   Code   RO          967    i.HAL_CAN_RxFifo0FullCallback  stm32f4xx_hal_can.o
    0x080015e2   0x080015e2   0x00000002   PAD
    0x080015e4   0x080015e4   0x00000090   Code   RO         6076    i.HAL_CAN_RxFifo0MsgPendingCallback  user_can.o
    0x08001674   0x08001674   0x00000002   Code   RO          969    i.HAL_CAN_RxFifo1FullCallback  stm32f4xx_hal_can.o
    0x08001676   0x08001676   0x00000002   Code   RO          970    i.HAL_CAN_RxFifo1MsgPendingCallback  stm32f4xx_hal_can.o
    0x08001678   0x08001678   0x00000002   Code   RO          971    i.HAL_CAN_SleepCallback  stm32f4xx_hal_can.o
    0x0800167a   0x0800167a   0x00000002   PAD
    0x0800167c   0x0800167c   0x00000058   Code   RO          972    i.HAL_CAN_Start     stm32f4xx_hal_can.o
    0x080016d4   0x080016d4   0x00000002   Code   RO          974    i.HAL_CAN_TxMailbox0AbortCallback  stm32f4xx_hal_can.o
    0x080016d6   0x080016d6   0x00000002   Code   RO          975    i.HAL_CAN_TxMailbox0CompleteCallback  stm32f4xx_hal_can.o
    0x080016d8   0x080016d8   0x00000002   Code   RO          976    i.HAL_CAN_TxMailbox1AbortCallback  stm32f4xx_hal_can.o
    0x080016da   0x080016da   0x00000002   Code   RO          977    i.HAL_CAN_TxMailbox1CompleteCallback  stm32f4xx_hal_can.o
    0x080016dc   0x080016dc   0x00000002   Code   RO          978    i.HAL_CAN_TxMailbox2AbortCallback  stm32f4xx_hal_can.o
    0x080016de   0x080016de   0x00000002   Code   RO          979    i.HAL_CAN_TxMailbox2CompleteCallback  stm32f4xx_hal_can.o
    0x080016e0   0x080016e0   0x00000002   Code   RO          981    i.HAL_CAN_WakeUpFromRxMsgCallback  stm32f4xx_hal_can.o
    0x080016e2   0x080016e2   0x00000092   Code   RO         1642    i.HAL_DMA_Abort     stm32f4xx_hal_dma.o
    0x08001774   0x08001774   0x00000024   Code   RO         1643    i.HAL_DMA_Abort_IT  stm32f4xx_hal_dma.o
    0x08001798   0x08001798   0x000001a0   Code   RO         1647    i.HAL_DMA_IRQHandler  stm32f4xx_hal_dma.o
    0x08001938   0x08001938   0x000000d4   Code   RO         1648    i.HAL_DMA_Init      stm32f4xx_hal_dma.o
    0x08001a0c   0x08001a0c   0x0000006e   Code   RO         1652    i.HAL_DMA_Start_IT  stm32f4xx_hal_dma.o
    0x08001a7a   0x08001a7a   0x00000002   PAD
    0x08001a7c   0x08001a7c   0x0000006c   Code   RO         6520    i.HAL_GPIO_EXTI_Callback  ins_task.o
    0x08001ae8   0x08001ae8   0x00000018   Code   RO         1534    i.HAL_GPIO_EXTI_IRQHandler  stm32f4xx_hal_gpio.o
    0x08001b00   0x08001b00   0x000001f0   Code   RO         1535    i.HAL_GPIO_Init     stm32f4xx_hal_gpio.o
    0x08001cf0   0x08001cf0   0x0000000a   Code   RO         1539    i.HAL_GPIO_WritePin  stm32f4xx_hal_gpio.o
    0x08001cfa   0x08001cfa   0x00000002   PAD
    0x08001cfc   0x08001cfc   0x0000000c   Code   RO         2067    i.HAL_GetTick       stm32f4xx_hal.o
    0x08001d08   0x08001d08   0x00000188   Code   RO         2323    i.HAL_I2C_Init      stm32f4xx_hal_i2c.o
    0x08001e90   0x08001e90   0x00000094   Code   RO          467    i.HAL_I2C_MspInit   i2c.o
    0x08001f24   0x08001f24   0x00000010   Code   RO         2073    i.HAL_IncTick       stm32f4xx_hal.o
    0x08001f34   0x08001f34   0x00000034   Code   RO         2074    i.HAL_Init          stm32f4xx_hal.o
    0x08001f68   0x08001f68   0x00000098   Code   RO          865    i.HAL_InitTick      stm32f4xx_hal_timebase_tim.o
    0x08002000   0x08002000   0x00000038   Code   RO          841    i.HAL_MspInit       stm32f4xx_hal_msp.o
    0x08002038   0x08002038   0x0000001a   Code   RO         1924    i.HAL_NVIC_EnableIRQ  stm32f4xx_hal_cortex.o
    0x08002052   0x08002052   0x00000002   PAD
    0x08002054   0x08002054   0x00000040   Code   RO         1930    i.HAL_NVIC_SetPriority  stm32f4xx_hal_cortex.o
    0x08002094   0x08002094   0x00000024   Code   RO         1931    i.HAL_NVIC_SetPriorityGrouping  stm32f4xx_hal_cortex.o
    0x080020b8   0x080020b8   0x00000134   Code   RO         1181    i.HAL_RCC_ClockConfig  stm32f4xx_hal_rcc.o
    0x080021ec   0x080021ec   0x00000040   Code   RO         1185    i.HAL_RCC_GetClockConfig  stm32f4xx_hal_rcc.o
    0x0800222c   0x0800222c   0x00000020   Code   RO         1188    i.HAL_RCC_GetPCLK1Freq  stm32f4xx_hal_rcc.o
    0x0800224c   0x0800224c   0x00000020   Code   RO         1189    i.HAL_RCC_GetPCLK2Freq  stm32f4xx_hal_rcc.o
    0x0800226c   0x0800226c   0x00000064   Code   RO         1190    i.HAL_RCC_GetSysClockFreq  stm32f4xx_hal_rcc.o
    0x080022d0   0x080022d0   0x0000036c   Code   RO         1193    i.HAL_RCC_OscConfig  stm32f4xx_hal_rcc.o
    0x0800263c   0x0800263c   0x00000002   Code   RO         2769    i.HAL_SPI_ErrorCallback  stm32f4xx_hal_spi.o
    0x0800263e   0x0800263e   0x00000002   PAD
    0x08002640   0x08002640   0x000000fc   Code   RO         2772    i.HAL_SPI_IRQHandler  stm32f4xx_hal_spi.o
    0x0800273c   0x0800273c   0x000000bc   Code   RO         2773    i.HAL_SPI_Init      stm32f4xx_hal_spi.o
    0x080027f8   0x080027f8   0x0000010c   Code   RO          509    i.HAL_SPI_MspInit   spi.o
    0x08002904   0x08002904   0x000001e2   Code   RO         2782    i.HAL_SPI_TransmitReceive  stm32f4xx_hal_spi.o
    0x08002ae6   0x08002ae6   0x00000002   Code   RO         3790    i.HAL_TIMEx_BreakCallback  stm32f4xx_hal_tim_ex.o
    0x08002ae8   0x08002ae8   0x00000002   Code   RO         3791    i.HAL_TIMEx_CommutCallback  stm32f4xx_hal_tim_ex.o
    0x08002aea   0x08002aea   0x0000005a   Code   RO         3086    i.HAL_TIM_Base_Init  stm32f4xx_hal_tim.o
    0x08002b44   0x08002b44   0x00000028   Code   RO          551    i.HAL_TIM_Base_MspInit  tim.o
    0x08002b6c   0x08002b6c   0x00000080   Code   RO         3091    i.HAL_TIM_Base_Start_IT  stm32f4xx_hal_tim.o
    0x08002bec   0x08002bec   0x00000002   Code   RO         3120    i.HAL_TIM_IC_CaptureCallback  stm32f4xx_hal_tim.o
    0x08002bee   0x08002bee   0x00000166   Code   RO         3134    i.HAL_TIM_IRQHandler  stm32f4xx_hal_tim.o
    0x08002d54   0x08002d54   0x00000054   Code   RO          552    i.HAL_TIM_MspPostInit  tim.o
    0x08002da8   0x08002da8   0x00000002   Code   RO         3137    i.HAL_TIM_OC_DelayElapsedCallback  stm32f4xx_hal_tim.o
    0x08002daa   0x08002daa   0x000000cc   Code   RO         3158    i.HAL_TIM_PWM_ConfigChannel  stm32f4xx_hal_tim.o
    0x08002e76   0x08002e76   0x0000005a   Code   RO         3161    i.HAL_TIM_PWM_Init  stm32f4xx_hal_tim.o
    0x08002ed0   0x08002ed0   0x00000002   Code   RO         3163    i.HAL_TIM_PWM_MspInit  stm32f4xx_hal_tim.o
    0x08002ed2   0x08002ed2   0x00000002   Code   RO         3164    i.HAL_TIM_PWM_PulseFinishedCallback  stm32f4xx_hal_tim.o
    0x08002ed4   0x08002ed4   0x000000c8   Code   RO         3166    i.HAL_TIM_PWM_Start  stm32f4xx_hal_tim.o
    0x08002f9c   0x08002f9c   0x00000014   Code   RO          233    i.HAL_TIM_PeriodElapsedCallback  main.o
    0x08002fb0   0x08002fb0   0x00000002   Code   RO         3177    i.HAL_TIM_TriggerCallback  stm32f4xx_hal_tim.o
    0x08002fb2   0x08002fb2   0x00000002   Code   RO         4068    i.HAL_UARTEx_RxEventCallback  stm32f4xx_hal_uart.o
    0x08002fb4   0x08002fb4   0x00000070   Code   RO         4080    i.HAL_UART_DMAStop  stm32f4xx_hal_uart.o
    0x08003024   0x08003024   0x00000002   Code   RO         4082    i.HAL_UART_ErrorCallback  stm32f4xx_hal_uart.o
    0x08003026   0x08003026   0x00000002   PAD
    0x08003028   0x08003028   0x00000268   Code   RO         4085    i.HAL_UART_IRQHandler  stm32f4xx_hal_uart.o
    0x08003290   0x08003290   0x00000062   Code   RO         4086    i.HAL_UART_Init     stm32f4xx_hal_uart.o
    0x080032f2   0x080032f2   0x00000002   PAD
    0x080032f4   0x080032f4   0x000002d8   Code   RO          599    i.HAL_UART_MspInit  usart.o
    0x080035cc   0x080035cc   0x0000002a   Code   RO         4090    i.HAL_UART_Receive_DMA  stm32f4xx_hal_uart.o
    0x080035f6   0x080035f6   0x00000002   PAD
    0x080035f8   0x080035f8   0x00000068   Code   RO         5967    i.HAL_UART_RxCpltCallback  communication.o
    0x08003660   0x08003660   0x00000002   Code   RO         4093    i.HAL_UART_RxHalfCpltCallback  stm32f4xx_hal_uart.o
    0x08003662   0x08003662   0x00000002   Code   RO         4097    i.HAL_UART_TxCpltCallback  stm32f4xx_hal_uart.o
    0x08003664   0x08003664   0x00000002   Code   RO          670    i.HardFault_Handler  stm32f4xx_it.o
    0x08003666   0x08003666   0x00000002   PAD
    0x08003668   0x08003668   0x000000b4   Code   RO         6521    i.INS_gyrooffset_calculate  ins_task.o
    0x0800371c   0x0800371c   0x00000200   Code   RO         6522    i.INS_task          ins_task.o
    0x0800391c   0x0800391c   0x00000044   Code   RO          395    i.MX_CAN1_Init      can.o
    0x08003960   0x08003960   0x00000044   Code   RO          396    i.MX_CAN2_Init      can.o
    0x080039a4   0x080039a4   0x000000ac   Code   RO          442    i.MX_DMA_Init       dma.o
    0x08003a50   0x08003a50   0x00000054   Code   RO          348    i.MX_FREERTOS_Init  freertos.o
    0x08003aa4   0x08003aa4   0x0000018c   Code   RO          324    i.MX_GPIO_Init      gpio.o
    0x08003c30   0x08003c30   0x00000040   Code   RO          468    i.MX_I2C3_Init      i2c.o
    0x08003c70   0x08003c70   0x00000048   Code   RO          510    i.MX_SPI1_Init      spi.o
    0x08003cb8   0x08003cb8   0x00000064   Code   RO          553    i.MX_TIM10_Init     tim.o
    0x08003d1c   0x08003d1c   0x00000038   Code   RO          600    i.MX_USART1_UART_Init  usart.o
    0x08003d54   0x08003d54   0x0000003c   Code   RO          601    i.MX_USART3_UART_Init  usart.o
    0x08003d90   0x08003d90   0x00000038   Code   RO          602    i.MX_USART6_UART_Init  usart.o
    0x08003dc8   0x08003dc8   0x000001e4   Code   RO         6523    i.MahonyAHRSupdateIMU  ins_task.o
    0x08003fac   0x08003fac   0x00000002   Code   RO          671    i.MemManage_Handler  stm32f4xx_it.o
    0x08003fae   0x08003fae   0x00000002   Code   RO          672    i.NMI_Handler       stm32f4xx_it.o
    0x08003fb0   0x08003fb0   0x00000128   Code   RO         6633    i.PID_calc          pid.o
    0x080040d8   0x080040d8   0x0000005c   Code   RO         6636    i.PID_init          pid.o
    0x08004134   0x08004134   0x000000d4   Code   RO         6485    i.SPI1_DMA_enable   bsp_spi.o
    0x08004208   0x08004208   0x000000f0   Code   RO         6486    i.SPI1_DMA_init     bsp_spi.o
    0x080042f8   0x080042f8   0x0000000c   Code   RO          673    i.SPI1_IRQHandler   stm32f4xx_it.o
    0x08004304   0x08004304   0x00000010   Code   RO         2800    i.SPI_DMAAbortOnError  stm32f4xx_hal_spi.o
    0x08004314   0x08004314   0x00000058   Code   RO         2811    i.SPI_EndRxTxTransaction  stm32f4xx_hal_spi.o
    0x0800436c   0x0800436c   0x000000b8   Code   RO         2816    i.SPI_WaitFlagStateUntilTimeout  stm32f4xx_hal_spi.o
    0x08004424   0x08004424   0x00000008   Code   RO          349    i.StartDefaultTask  freertos.o
    0x0800442c   0x0800442c   0x0000002c   Code   RO         5681    i.SysTick_Handler   port.o
    0x08004458   0x08004458   0x00000094   Code   RO          234    i.SystemClock_Config  main.o
    0x080044ec   0x080044ec   0x00000010   Code   RO         4415    i.SystemInit        system_stm32f4xx.o
    0x080044fc   0x080044fc   0x0000000c   Code   RO          674    i.TIM3_IRQHandler   stm32f4xx_it.o
    0x08004508   0x08004508   0x000000c8   Code   RO         3179    i.TIM_Base_SetConfig  stm32f4xx_hal_tim.o
    0x080045d0   0x080045d0   0x0000001a   Code   RO         3180    i.TIM_CCxChannelCmd  stm32f4xx_hal_tim.o
    0x080045ea   0x080045ea   0x00000002   PAD
    0x080045ec   0x080045ec   0x00000060   Code   RO         3192    i.TIM_OC1_SetConfig  stm32f4xx_hal_tim.o
    0x0800464c   0x0800464c   0x0000006c   Code   RO         3193    i.TIM_OC2_SetConfig  stm32f4xx_hal_tim.o
    0x080046b8   0x080046b8   0x00000068   Code   RO         3194    i.TIM_OC3_SetConfig  stm32f4xx_hal_tim.o
    0x08004720   0x08004720   0x00000050   Code   RO         3195    i.TIM_OC4_SetConfig  stm32f4xx_hal_tim.o
    0x08004770   0x08004770   0x00000010   Code   RO         4099    i.UART_DMAAbortOnError  stm32f4xx_hal_uart.o
    0x08004780   0x08004780   0x0000004a   Code   RO         4100    i.UART_DMAError     stm32f4xx_hal_uart.o
    0x080047ca   0x080047ca   0x00000082   Code   RO         4101    i.UART_DMAReceiveCplt  stm32f4xx_hal_uart.o
    0x0800484c   0x0800484c   0x0000001a   Code   RO         4103    i.UART_DMARxHalfCplt  stm32f4xx_hal_uart.o
    0x08004866   0x08004866   0x0000004e   Code   RO         4109    i.UART_EndRxTransfer  stm32f4xx_hal_uart.o
    0x080048b4   0x080048b4   0x0000001c   Code   RO         4110    i.UART_EndTxTransfer  stm32f4xx_hal_uart.o
    0x080048d0   0x080048d0   0x000000c0   Code   RO         4111    i.UART_Receive_IT   stm32f4xx_hal_uart.o
    0x08004990   0x08004990   0x0000010c   Code   RO         4112    i.UART_SetConfig    stm32f4xx_hal_uart.o
    0x08004a9c   0x08004a9c   0x00000094   Code   RO         4113    i.UART_Start_Receive_DMA  stm32f4xx_hal_uart.o
    0x08004b30   0x08004b30   0x00000018   Code   RO          675    i.USART1_IRQHandler  stm32f4xx_it.o
    0x08004b48   0x08004b48   0x00000018   Code   RO          676    i.USART3_IRQHandler  stm32f4xx_it.o
    0x08004b60   0x08004b60   0x0000003c   Code   RO         6003    i.USART3_Init       drv_usart.o
    0x08004b9c   0x08004b9c   0x00000178   Code   RO         5760    i.USART3_rxDataHandler  rc_potocal.o
    0x08004d14   0x08004d14   0x0000000c   Code   RO          677    i.USART6_IRQHandler  stm32f4xx_it.o
    0x08004d20   0x08004d20   0x000000a4   Code   RO         6524    i.USER_DMA2_Stream2_IRQHandler  ins_task.o
    0x08004dc4   0x08004dc4   0x00000002   Code   RO          678    i.UsageFault_Handler  stm32f4xx_it.o
    0x08004dc6   0x08004dc6   0x00000030   Code   RO         6861    i.__ARM_fpclassify  m_wm.l(fpclassify.o)
    0x08004df6   0x08004df6   0x00000026   Code   RO         6863    i.__ARM_fpclassifyf  m_wm.l(fpclassifyf.o)
    0x08004e1c   0x08004e1c   0x00000020   Code   RO         1937    i.__NVIC_SetPriority  stm32f4xx_hal_cortex.o
    0x08004e3c   0x08004e3c   0x0000012c   Code   RO         6722    i.__hardfp_asinf    m_wm.l(asinf.o)
    0x08004f68   0x08004f68   0x000002d8   Code   RO         6734    i.__hardfp_atan     m_wm.l(atan.o)
    0x08005240   0x08005240   0x000002ac   Code   RO         6748    i.__hardfp_atan2f   m_wm.l(atan2f.o)
    0x080054ec   0x080054ec   0x00000004   PAD
    0x080054f0   0x080054f0   0x000000c8   Code   RO         6760    i.__hardfp_cos      m_wm.l(cos.o)
    0x080055b8   0x080055b8   0x00000c50   Code   RO         6772    i.__hardfp_pow      m_wm.l(pow.o)
    0x08006208   0x08006208   0x000000c8   Code   RO         6786    i.__hardfp_sin      m_wm.l(sin.o)
    0x080062d0   0x080062d0   0x0000007a   Code   RO         6798    i.__hardfp_sqrt     m_wm.l(sqrt.o)
    0x0800634a   0x0800634a   0x00000006   PAD
    0x08006350   0x08006350   0x00000438   Code   RO         6882    i.__ieee754_rem_pio2  m_wm.l(rred.o)
    0x08006788   0x08006788   0x00000170   Code   RO         6838    i.__kernel_cos      m_wm.l(cos_i.o)
    0x080068f8   0x080068f8   0x000000f8   Code   RO         6879    i.__kernel_poly     m_wm.l(poly.o)
    0x080069f0   0x080069f0   0x00000130   Code   RO         6887    i.__kernel_sin      m_wm.l(sin_i.o)
    0x08006b20   0x08006b20   0x00000030   Code   RO         6841    i.__mathlib_dbl_divzero  m_wm.l(dunder.o)
    0x08006b50   0x08006b50   0x00000014   Code   RO         6842    i.__mathlib_dbl_infnan  m_wm.l(dunder.o)
    0x08006b64   0x08006b64   0x00000014   Code   RO         6843    i.__mathlib_dbl_infnan2  m_wm.l(dunder.o)
    0x08006b78   0x08006b78   0x00000020   Code   RO         6844    i.__mathlib_dbl_invalid  m_wm.l(dunder.o)
    0x08006b98   0x08006b98   0x00000020   Code   RO         6845    i.__mathlib_dbl_overflow  m_wm.l(dunder.o)
    0x08006bb8   0x08006bb8   0x00000020   Code   RO         6847    i.__mathlib_dbl_underflow  m_wm.l(dunder.o)
    0x08006bd8   0x08006bd8   0x00000006   Code   RO         6866    i.__mathlib_flt_infnan  m_wm.l(funder.o)
    0x08006bde   0x08006bde   0x00000006   Code   RO         6867    i.__mathlib_flt_infnan2  m_wm.l(funder.o)
    0x08006be4   0x08006be4   0x00000010   Code   RO         6868    i.__mathlib_flt_invalid  m_wm.l(funder.o)
    0x08006bf4   0x08006bf4   0x00000010   Code   RO         6871    i.__mathlib_flt_underflow  m_wm.l(funder.o)
    0x08006c04   0x08006c04   0x00000128   Code   RO         6196    i.bmi088_accel_init  bmi088driver.o
    0x08006d2c   0x08006d2c   0x000002d4   Code   RO         6197    i.bmi088_accel_self_test  bmi088driver.o
    0x08007000   0x08007000   0x000000dc   Code   RO         6198    i.bmi088_gyro_init  bmi088driver.o
    0x080070dc   0x080070dc   0x000000ca   Code   RO         6199    i.bmi088_gyro_self_test  bmi088driver.o
    0x080071a6   0x080071a6   0x00000002   PAD
    0x080071a8   0x080071a8   0x00000048   Code   RO         6077    i.can_cmd_send_3508  user_can.o
    0x080071f0   0x080071f0   0x00000048   Code   RO         6078    i.can_cmd_send_6020  user_can.o
    0x08007238   0x08007238   0x00000048   Code   RO         6079    i.can_cmd_send_6020_2  user_can.o
    0x08007280   0x08007280   0x00000024   Code   RO         6080    i.can_remote        user_can.o
    0x080072a4   0x080072a4   0x00000160   Code   RO         6143    i.compound_control  channel_changes.o
    0x08007404   0x08007404   0x000002c4   Code   RO         5912    i.compound_movement_3508  motion_overlay.o
    0x080076c8   0x080076c8   0x000001f8   Code   RO         5913    i.compound_movement_6020  motion_overlay.o
    0x080078c0   0x080078c0   0x00000028   Code   RO         6419    i.delay_init        bsp_delay.o
    0x080078e8   0x080078e8   0x00000034   Code   RO         6421    i.delay_us          bsp_delay.o
    0x0800791c   0x0800791c   0x00000024   Code   RO         6004    i.dma_m0_rxcplt_callback  drv_usart.o
    0x08007940   0x08007940   0x00000024   Code   RO         6005    i.dma_m1_rxcplt_callback  drv_usart.o
    0x08007964   0x08007964   0x00000018   Code   RO         6857    i.fabs              m_wm.l(fabs.o)
    0x0800797c   0x0800797c   0x000000f4   Code   RO         6527    i.get_angle         ins_task.o
    0x08007a70   0x08007a70   0x000000a4   Code   RO         6529    i.imu_cali_slove    ins_task.o
    0x08007b14   0x08007b14   0x000000fc   Code   RO         6530    i.imu_cmd_spi_dma   ins_task.o
    0x08007c10   0x08007c10   0x0000000c   Code   RO         6457    i.imu_pwm_set       bsp_imu_pwm.o
    0x08007c1c   0x08007c1c   0x0000007c   Code   RO         6531    i.imu_temp_control  ins_task.o
    0x08007c98   0x08007c98   0x0000002c   Code   RO         6532    i.invSqrt           ins_task.o
    0x08007cc4   0x08007cc4   0x00000012   Code   RO          904    i.limit_max         user_pid.o
    0x08007cd6   0x08007cd6   0x00000002   PAD
    0x08007cd8   0x08007cd8   0x00000084   Code   RO          235    i.main              main.o
    0x08007d5c   0x08007d5c   0x0000000c   Code   RO         5246    i.makeFreeRtosPriority  cmsis_os.o
    0x08007d68   0x08007d68   0x00000084   Code   RO         5871    i.motor_value       handle_value.o
    0x08007dec   0x08007dec   0x0000000e   Code   RO         5248    i.osDelay           cmsis_os.o
    0x08007dfa   0x08007dfa   0x0000000a   Code   RO         5251    i.osKernelStart     cmsis_os.o
    0x08007e04   0x08007e04   0x00000054   Code   RO         5285    i.osThreadCreate    cmsis_os.o
    0x08007e58   0x08007e58   0x00000020   Code   RO         4916    i.pcTaskGetName     tasks.o
    0x08007e78   0x08007e78   0x000000c8   Code   RO          905    i.pid_cal_a         user_pid.o
    0x08007f40   0x08007f40   0x0000009e   Code   RO          906    i.pid_cal_s         user_pid.o
    0x08007fde   0x08007fde   0x0000000c   Code   RO          907    i.pid_init          user_pid.o
    0x08007fea   0x08007fea   0x00000002   PAD
    0x08007fec   0x08007fec   0x00000070   Code   RO         4917    i.prvAddCurrentTaskToDelayedList  tasks.o
    0x0800805c   0x0800805c   0x000000d0   Code   RO         4918    i.prvAddNewTaskToReadyList  tasks.o
    0x0800812c   0x0800812c   0x00000034   Code   RO         4919    i.prvDeleteTCB      tasks.o
    0x08008160   0x08008160   0x0000004c   Code   RO         5613    i.prvHeapInit       heap_4.o
    0x080081ac   0x080081ac   0x00000060   Code   RO         4920    i.prvIdleTask       tasks.o
    0x0800820c   0x0800820c   0x00000098   Code   RO         4921    i.prvInitialiseNewTask  tasks.o
    0x080082a4   0x080082a4   0x0000004c   Code   RO         5614    i.prvInsertBlockIntoFreeList  heap_4.o
    0x080082f0   0x080082f0   0x00000020   Code   RO         4922    i.prvResetNextTaskUnblockTime  tasks.o
    0x08008310   0x08008310   0x00000058   Code   RO         4923    i.prvSearchForNameWithinSingleList  tasks.o
    0x08008368   0x08008368   0x00000028   Code   RO         5682    i.prvTaskExitError  port.o
    0x08008390   0x08008390   0x000000dc   Code   RO         5615    i.pvPortMalloc      heap_4.o
    0x0800846c   0x0800846c   0x0000002c   Code   RO         5683    i.pxPortInitialiseStack  port.o
    0x08008498   0x08008498   0x0000015c   Code   RO         5872    i.remote_value      handle_value.o
    0x080085f4   0x080085f4   0x00000058   Code   RO         5914    i.rotate_6020       motion_overlay.o
    0x0800864c   0x0800864c   0x00000158   Code   RO         6144    i.rotate_control    channel_changes.o
    0x080087a4   0x080087a4   0x0000006e   Code   RO         6800    i.sqrt              m_wm.l(sqrt.o)
    0x08008812   0x08008812   0x0000003e   Code   RO         6895    i.sqrtf             m_wm.l(sqrtf.o)
    0x08008850   0x08008850   0x00000094   Code   RO         5915    i.translate_3508    motion_overlay.o
    0x080088e4   0x080088e4   0x00000108   Code   RO         5916    i.translate_6020    motion_overlay.o
    0x080089ec   0x080089ec   0x00000160   Code   RO         6145    i.translational_control  channel_changes.o
    0x08008b4c   0x08008b4c   0x00000050   Code   RO         6006    i.uart_rx_idle_callback  drv_usart.o
    0x08008b9c   0x08008b9c   0x00000068   Code   RO         4926    i.ulTaskNotifyTake  tasks.o
    0x08008c04   0x08008c04   0x00000026   Code   RO         4553    i.uxListRemove      list.o
    0x08008c2a   0x08008c2a   0x00000002   PAD
    0x08008c2c   0x08008c2c   0x00000014   Code   RO          350    i.vApplicationGetIdleTaskMemory  freertos.o
    0x08008c40   0x08008c40   0x00000016   Code   RO         4554    i.vListInitialise   list.o
    0x08008c56   0x08008c56   0x00000006   Code   RO         4555    i.vListInitialiseItem  list.o
    0x08008c5c   0x08008c5c   0x00000030   Code   RO         4556    i.vListInsert       list.o
    0x08008c8c   0x08008c8c   0x00000018   Code   RO         4557    i.vListInsertEnd    list.o
    0x08008ca4   0x08008ca4   0x00000040   Code   RO         5685    i.vPortEnterCritical  port.o
    0x08008ce4   0x08008ce4   0x00000028   Code   RO         5686    i.vPortExitCritical  port.o
    0x08008d0c   0x08008d0c   0x00000064   Code   RO         5616    i.vPortFree         heap_4.o
    0x08008d70   0x08008d70   0x00000024   Code   RO         5687    i.vPortSetupTimerInterrupt  port.o
    0x08008d94   0x08008d94   0x00000054   Code   RO         5688    i.vPortValidateInterruptPriority  port.o
    0x08008de8   0x08008de8   0x0000004c   Code   RO         4932    i.vTaskDelay        tasks.o
    0x08008e34   0x08008e34   0x000000b4   Code   RO         4937    i.vTaskNotifyGiveFromISR  tasks.o
    0x08008ee8   0x08008ee8   0x0000006c   Code   RO         4945    i.vTaskStartScheduler  tasks.o
    0x08008f54   0x08008f54   0x00000010   Code   RO         4947    i.vTaskSuspendAll   tasks.o
    0x08008f64   0x08008f64   0x0000005c   Code   RO         4948    i.vTaskSwitchContext  tasks.o
    0x08008fc0   0x08008fc0   0x000000f4   Code   RO         5689    i.xPortStartScheduler  port.o
    0x080090b4   0x080090b4   0x0000005a   Code   RO         4951    i.xTaskCreate       tasks.o
    0x0800910e   0x0800910e   0x00000056   Code   RO         4952    i.xTaskCreateStatic  tasks.o
    0x08009164   0x08009164   0x00000084   Code   RO         4956    i.xTaskGetHandle    tasks.o
    0x080091e8   0x080091e8   0x0000001c   Code   RO         4957    i.xTaskGetSchedulerState  tasks.o
    0x08009204   0x08009204   0x000000cc   Code   RO         4960    i.xTaskIncrementTick  tasks.o
    0x080092d0   0x080092d0   0x000000c4   Code   RO         4966    i.xTaskResumeAll    tasks.o
    0x08009394   0x08009394   0x00000018   Code   RO         6819    x$fpl$basic         fz_wm.l(basic.o)
    0x080093ac   0x080093ac   0x00000062   Code   RO         6696    x$fpl$d2f           fz_wm.l(d2f.o)
    0x0800940e   0x0800940e   0x00000002   PAD
    0x08009410   0x08009410   0x00000150   Code   RO         6698    x$fpl$dadd          fz_wm.l(daddsub_clz.o)
    0x08009560   0x08009560   0x00000010   Code   RO         6927    x$fpl$dcheck1       fz_wm.l(dcheck1.o)
    0x08009570   0x08009570   0x00000018   Code   RO         6929    x$fpl$dcmpinf       fz_wm.l(dcmpi.o)
    0x08009588   0x08009588   0x000002b0   Code   RO         6705    x$fpl$ddiv          fz_wm.l(ddiv.o)
    0x08009838   0x08009838   0x0000005e   Code   RO         6708    x$fpl$dfix          fz_wm.l(dfix.o)
    0x08009896   0x08009896   0x0000002e   Code   RO         6713    x$fpl$dflt          fz_wm.l(dflt_clz.o)
    0x080098c4   0x080098c4   0x00000026   Code   RO         6712    x$fpl$dfltu         fz_wm.l(dflt_clz.o)
    0x080098ea   0x080098ea   0x00000002   PAD
    0x080098ec   0x080098ec   0x00000078   Code   RO         6821    x$fpl$dleqf         fz_wm.l(dleqf.o)
    0x08009964   0x08009964   0x00000154   Code   RO         6718    x$fpl$dmul          fz_wm.l(dmul.o)
    0x08009ab8   0x08009ab8   0x0000009c   Code   RO         6823    x$fpl$dnaninf       fz_wm.l(dnaninf.o)
    0x08009b54   0x08009b54   0x0000000c   Code   RO         6825    x$fpl$dretinf       fz_wm.l(dretinf.o)
    0x08009b60   0x08009b60   0x0000006c   Code   RO         6827    x$fpl$drleqf        fz_wm.l(drleqf.o)
    0x08009bcc   0x08009bcc   0x00000016   Code   RO         6699    x$fpl$drsb          fz_wm.l(daddsub_clz.o)
    0x08009be2   0x08009be2   0x00000002   PAD
    0x08009be4   0x08009be4   0x00000198   Code   RO         6829    x$fpl$dsqrt         fz_wm.l(dsqrt_umaal.o)
    0x08009d7c   0x08009d7c   0x000001d4   Code   RO         6700    x$fpl$dsub          fz_wm.l(daddsub_clz.o)
    0x08009f50   0x08009f50   0x00000056   Code   RO         6720    x$fpl$f2d           fz_wm.l(f2d.o)
    0x08009fa6   0x08009fa6   0x0000008c   Code   RO         6831    x$fpl$fnaninf       fz_wm.l(fnaninf.o)
    0x0800a032   0x0800a032   0x0000000a   Code   RO         7020    x$fpl$fpinit        fz_wm.l(fpinit.o)
    0x0800a03c   0x0800a03c   0x0000000a   Code   RO         6833    x$fpl$fretinf       fz_wm.l(fretinf.o)
    0x0800a046   0x0800a046   0x00000064   Code   RO         6948    x$fpl$retnan        fz_wm.l(retnan.o)
    0x0800a0aa   0x0800a0aa   0x0000005c   Code   RO         6835    x$fpl$scalbn        fz_wm.l(scalbn.o)
    0x0800a106   0x0800a106   0x00000030   Code   RO         7003    x$fpl$trapveneer    fz_wm.l(trapv.o)
    0x0800a136   0x0800a136   0x00000000   Code   RO         6837    x$fpl$usenofp       fz_wm.l(usenofp.o)
    0x0800a136   0x0800a136   0x00000002   PAD
    0x0800a138   0x0800a138   0x00000024   Data   RO           15    .constdata          chassis.o
    0x0800a15c   0x0800a15c   0x00000054   Data   RO          352    .constdata          freertos.o
    0x0800a1b0   0x0800a1b0   0x00000008   Data   RO         1654    .constdata          stm32f4xx_hal_dma.o
    0x0800a1b8   0x0800a1b8   0x00000010   Data   RO         4416    .constdata          system_stm32f4xx.o
    0x0800a1c8   0x0800a1c8   0x00000008   Data   RO         4417    .constdata          system_stm32f4xx.o
    0x0800a1d0   0x0800a1d0   0x00000012   Data   RO         6204    .constdata          bmi088driver.o
    0x0800a1e2   0x0800a1e2   0x00000002   PAD
    0x0800a1e4   0x0800a1e4   0x0000000c   Data   RO         6534    .constdata          ins_task.o
    0x0800a1f0   0x0800a1f0   0x00000098   Data   RO         6737    .constdata          m_wm.l(atan.o)
    0x0800a288   0x0800a288   0x00000088   Data   RO         6775    .constdata          m_wm.l(pow.o)
    0x0800a310   0x0800a310   0x00000030   Data   RO         6839    .constdata          m_wm.l(cos_i.o)
    0x0800a340   0x0800a340   0x00000008   Data   RO         6881    .constdata          m_wm.l(qnan.o)
    0x0800a348   0x0800a348   0x000000c8   Data   RO         6884    .constdata          m_wm.l(rred.o)
    0x0800a410   0x0800a410   0x00000028   Data   RO         6888    .constdata          m_wm.l(sin_i.o)
    0x0800a438   0x0800a438   0x0000001c   Data   RO          353    .conststring        freertos.o
    0x0800a454   0x0800a454   0x00000020   Data   RO         7078    Region$$Table       anon$$obj.o


    Execution Region RW_IRAM1 (Exec base: 0x20000000, Load base: 0x0800a474, Size: 0x000050d0, Max: 0x0001c000, ABSOLUTE, COMPRESSED[0x00000068])

    Exec Addr    Load Addr    Size         Type   Attr      Idx    E Section Name        Object

    0x20000000   COMPRESSED   0x00000002   Data   RW           16    .data               chassis.o
    0x20000002   COMPRESSED   0x00000002   Data   RW           17    .data               chassis.o
    0x20000004   COMPRESSED   0x00000002   Data   RW           18    .data               chassis.o
    0x20000006   COMPRESSED   0x00000002   Data   RW           19    .data               chassis.o
    0x20000008   COMPRESSED   0x00000002   Data   RW           20    .data               chassis.o
    0x2000000a   COMPRESSED   0x00000008   Data   RW           21    .data               chassis.o
    0x20000012   COMPRESSED   0x00000002   PAD
    0x20000014   COMPRESSED   0x0000000c   Data   RW          354    .data               freertos.o
    0x20000020   COMPRESSED   0x00000004   Data   RW          398    .data               can.o
    0x20000024   COMPRESSED   0x0000000c   Data   RW         2081    .data               stm32f4xx_hal.o
    0x20000030   COMPRESSED   0x00000004   Data   RW         4418    .data               system_stm32f4xx.o
    0x20000034   COMPRESSED   0x0000003c   Data   RW         4969    .data               tasks.o
    0x20000070   COMPRESSED   0x00000020   Data   RW         5622    .data               heap_4.o
    0x20000090   COMPRESSED   0x0000000c   Data   RW         5690    .data               port.o
    0x2000009c   COMPRESSED   0x0000002c   Data   RW         5762    .data               rc_potocal.o
    0x200000c8   COMPRESSED   0x00000010   Data   RW         5917    .data               motion_overlay.o
    0x200000d8   COMPRESSED   0x00000003   Data   RW         5969    .data               communication.o
    0x200000db   COMPRESSED   0x00000001   PAD
    0x200000dc   COMPRESSED   0x00000004   Data   RW         6009    .data               drv_usart.o
    0x200000e0   COMPRESSED   0x00000008   Data   RW         6083    .data               user_can.o
    0x200000e8   COMPRESSED   0x00000020   Data   RW         6146    .data               channel_changes.o
    0x20000108   COMPRESSED   0x00000030   Data   RW         6205    .data               bmi088driver.o
    0x20000138   COMPRESSED   0x00000008   Data   RW         6422    .data               bsp_delay.o
    0x20000140   COMPRESSED   0x00000090   Data   RW         6536    .data               ins_task.o
    0x200001d0        -       0x00000180   Zero   RW           14    .bss                chassis.o
    0x20000350        -       0x00000080   Zero   RW          236    .bss                main.o
    0x200003d0        -       0x00000254   Zero   RW          351    .bss                freertos.o
    0x20000624        -       0x00000050   Zero   RW          397    .bss                can.o
    0x20000674        -       0x00000054   Zero   RW          469    .bss                i2c.o
    0x200006c8        -       0x00000118   Zero   RW          511    .bss                spi.o
    0x200007e0        -       0x00000048   Zero   RW          554    .bss                tim.o
    0x20000828        -       0x0000030c   Zero   RW          603    .bss                usart.o
    0x20000b34        -       0x00000048   Zero   RW          868    .bss                stm32f4xx_hal_timebase_tim.o
    0x20000b7c        -       0x000000f0   Zero   RW         4968    .bss                tasks.o
    0x20000c6c        -       0x00003c00   Zero   RW         5621    .bss                heap_4.o
    0x2000486c        -       0x00000016   Zero   RW         5761    .bss                rc_potocal.o
    0x20004882   COMPRESSED   0x00000002   PAD
    0x20004884        -       0x0000000c   Zero   RW         5968    .bss                communication.o
    0x20004890        -       0x00000030   Zero   RW         6008    .bss                drv_usart.o
    0x200048c0        -       0x000000b8   Zero   RW         6081    .bss                user_can.o
    0x20004978        -       0x000000f4   Zero   RW         6533    .bss                ins_task.o
    0x20004a6c        -       0x00000060   Zero   RW         6932    .bss                c_w.l(libspace.o)
    0x20004acc   COMPRESSED   0x00000004   PAD
    0x20004ad0        -       0x00000200   Zero   RW            2    HEAP                startup_stm32f407xx.o
    0x20004cd0        -       0x00000400   Zero   RW            1    STACK               startup_stm32f407xx.o


    Execution Region RW_IRAM2 (Exec base: 0x2001c000, Load base: 0x0800a4dc, Size: 0x00000000, Max: 0x00004000, ABSOLUTE)

    **** No section assigned to this execution region ****


==============================================================================

Image component sizes


      Code (inc. data)   RO Data    RW Data    ZI Data      Debug   Object Name

      2186         38         18         48          0      10739   bmi088driver.o
       108         28          0          0          0      10196   bmi088middleware.o
        92         18          0          8          0       1340   bsp_delay.o
        12          4          0          0          0        510   bsp_imu_pwm.o
       452         40          0          0          0       1510   bsp_spi.o
       436         42          0          4         80       2442   can.o
      1048        156          0         32          0       3582   channel_changes.o
       216         18         36         18        384     737690   chassis.o
       120          0          0          0          0      23189   cmsis_os.o
       104         22          0          3         12       1730   communication.o
       172          4          0          0          0        842   dma.o
       876         64          0          4         48       6458   drv_usart.o
         0          0          0          0          0      16876   event_groups.o
       112         14        112         12        596       2670   freertos.o
       396         26          0          0          0       1147   gpio.o
       480         32          0          0          0       1693   handle_value.o
       472         24          0         32      15360       7343   heap_4.o
       212         32          0          0         84       1677   i2c.o
      2308        174         12        144        244      12778   ins_task.o
       138          0          0          0          0       3482   list.o
       304         32          0          0        128      16805   main.o
      1712         72          0         16          0       4100   motion_overlay.o
       388          8          0          0          0       1966   pid.o
       786         82          0         12          0      11689   port.o
       376         12          0         44         22     583416   rc_potocal.o
       340         34          0          0        280       1863   spi.o
        64         26        392          0       1536        832   startup_stm32f407xx.o
        80         14          0         12          0       8002   stm32f4xx_hal.o
      1658          6          0          0          0      14003   stm32f4xx_hal_can.o
       158         14          0          0          0      33106   stm32f4xx_hal_cortex.o
      1084         16          8          0          0       7230   stm32f4xx_hal_dma.o
       530         52          0          0          0       2771   stm32f4xx_hal_gpio.o
       392         16          0          0          0       3091   stm32f4xx_hal_i2c.o
        56          4          0          0          0        842   stm32f4xx_hal_msp.o
      1412         86          0          0          0       5805   stm32f4xx_hal_rcc.o
      1212         18          0          0          0       7042   stm32f4xx_hal_spi.o
      1694        136          0          0          0      13314   stm32f4xx_hal_tim.o
         4          0          0          0          0       1561   stm32f4xx_hal_tim_ex.o
       152         20          0          0         72       1439   stm32f4xx_hal_timebase_tim.o
      1836         30          0          0          0      13063   stm32f4xx_hal_uart.o
       278        106          0          0          0      12488   stm32f4xx_it.o
         0          0          0          0          0        432   stream_buffer.o
        16          4         24          4          0       1091   system_stm32f4xx.o
      2084        146          0         60        240      24816   tasks.o
       224         32          0          0         72       2222   tim.o
       900         80          0          0        780       3706   usart.o
       516         56          0          8        184       5735   user_can.o
       388          0          0          0          0       2935   user_pid.o

    ----------------------------------------------------------------------
     28626       1838        636        464      20124    1633259   Object Totals
         0          0         32          0          0          0   (incl. Generated)
        42          0          2          3          2          0   (incl. Padding)

    ----------------------------------------------------------------------

      Code (inc. data)   RO Data    RW Data    ZI Data      Debug   Library Member Name

        90          0          0          0          0          0   __dczerorl2.o
         8          0          0          0          0         68   __main.o
         0          0          0          0          0          0   __rtentry.o
        12          0          0          0          0          0   __rtentry2.o
         6          0          0          0          0          0   __rtentry4.o
        52          8          0          0          0          0   __scatter.o
        28          0          0          0          0          0   __scatter_zi.o
        22          0          0          0          0        100   _rserrno.o
        18          0          0          0          0         80   exit.o
         6          0          0          0          0        152   heapauxi.o
         0          0          0          0          0          0   indicate_semi.o
         2          0          0          0          0          0   libinit.o
         6          0          0          0          0          0   libinit2.o
         2          0          0          0          0          0   libshutdown.o
         2          0          0          0          0          0   libshutdown2.o
         8          4          0          0         96         68   libspace.o
       238          0          0          0          0        100   lludivv7m.o
         8          4          0          0          0         68   rt_errno_addr_intlibspace.o
        78          0          0          0          0         80   rt_memclr_w.o
       100          0          0          0          0         80   rt_memcpy_w.o
         2          0          0          0          0          0   rtexit.o
        10          0          0          0          0          0   rtexit2.o
        62          0          0          0          0         76   strlen.o
        12          4          0          0          0         68   sys_exit.o
        74          0          0          0          0         80   sys_stackheap_outer.o
         2          0          0          0          0         68   use_no_semi.o
        24          0          0          0          0        164   basic.o
        98          4          0          0          0        140   d2f.o
       826         16          0          0          0        492   daddsub_clz.o
        16          4          0          0          0        116   dcheck1.o
        24          0          0          0          0        116   dcmpi.o
       688        140          0          0          0        256   ddiv.o
        94          4          0          0          0        140   dfix.o
        84          0          0          0          0        232   dflt_clz.o
       120          4          0          0          0        140   dleqf.o
       340         12          0          0          0        152   dmul.o
       156          4          0          0          0        140   dnaninf.o
        12          0          0          0          0        116   dretinf.o
       108          0          0          0          0        128   drleqf.o
       408         56          0          0          0        168   dsqrt_umaal.o
        86          4          0          0          0        132   f2d.o
       140          4          0          0          0        132   fnaninf.o
        10          0          0          0          0        116   fpinit.o
        10          0          0          0          0        116   fretinf.o
       100          0          0          0          0        116   retnan.o
        92          0          0          0          0        116   scalbn.o
        48          0          0          0          0        116   trapv.o
         0          0          0          0          0          0   usenofp.o
       300         42          0          0          0        176   asinf.o
       728        106        152          0          0        228   atan.o
       684         90          0          0          0        208   atan2f.o
       200         20          0          0          0        164   cos.o
       368         46         48          0          0        200   cos_i.o
       184         44          0          0          0        744   dunder.o
        24          0          0          0          0        124   fabs.o
        48          0          0          0          0        124   fpclassify.o
        38          0          0          0          0        116   fpclassifyf.o
        44         12          0          0          0        464   funder.o
       248          0          0          0          0        152   poly.o
      3152        296        136          0          0        352   pow.o
         0          0          8          0          0          0   qnan.o
      1080        142        200          0          0        188   rred.o
       200         20          0          0          0        164   sin.o
       304         24         40          0          0        208   sin_i.o
       232          0          0          0          0        296   sqrt.o
        62          0          0          0          0        136   sqrtf.o

    ----------------------------------------------------------------------
     12254       1118        584          0        100       8476   Library Totals
        26          4          0          0          4          0   (incl. Padding)

    ----------------------------------------------------------------------

      Code (inc. data)   RO Data    RW Data    ZI Data      Debug   Library Name

       848         20          0          0         96       1088   c_w.l
      3484        252          0          0          0       3344   fz_wm.l
      7896        842        584          0          0       4044   m_wm.l

    ----------------------------------------------------------------------
     12254       1118        584          0        100       8476   Library Totals

    ----------------------------------------------------------------------

==============================================================================


      Code (inc. data)   RO Data    RW Data    ZI Data      Debug   

     40880       2956       1220        464      20224    1612767   Grand Totals
     40880       2956       1220        104      20224    1612767   ELF Image Totals (compressed)
     40880       2956       1220        104          0          0   ROM Totals

==============================================================================

    Total RO  Size (Code + RO Data)                42100 (  41.11kB)
    Total RW  Size (RW Data + ZI Data)             20688 (  20.20kB)
    Total ROM Size (Code + RO Data + RW Data)      42204 (  41.21kB)

==============================================================================

